Archive member included to satisfy reference by file (symbol)

/home/rayan/Ac6/SystemWorkbench/plugins/fr.ac6.mcu.externaltools.arm-none.linux64_1.17.0.201812190825/tools/compiler/bin/../lib/gcc/arm-none-eabi/7.3.1/thumb/v7-m/libgcc.a(_aeabi_uldivmod.o)
                              Drivers/STM32F2xx_HAL_Driver/Src/stm32f2xx_hal_rcc.o (__aeabi_uldivmod)
/home/rayan/Ac6/SystemWorkbench/plugins/fr.ac6.mcu.externaltools.arm-none.linux64_1.17.0.201812190825/tools/compiler/bin/../lib/gcc/arm-none-eabi/7.3.1/thumb/v7-m/libgcc.a(_udivmoddi4.o)
                              /home/rayan/Ac6/SystemWorkbench/plugins/fr.ac6.mcu.externaltools.arm-none.linux64_1.17.0.201812190825/tools/compiler/bin/../lib/gcc/arm-none-eabi/7.3.1/thumb/v7-m/libgcc.a(_aeabi_uldivmod.o) (__udivmoddi4)
/home/rayan/Ac6/SystemWorkbench/plugins/fr.ac6.mcu.externaltools.arm-none.linux64_1.17.0.201812190825/tools/compiler/bin/../lib/gcc/arm-none-eabi/7.3.1/thumb/v7-m/libgcc.a(_dvmd_tls.o)
                              /home/rayan/Ac6/SystemWorkbench/plugins/fr.ac6.mcu.externaltools.arm-none.linux64_1.17.0.201812190825/tools/compiler/bin/../lib/gcc/arm-none-eabi/7.3.1/thumb/v7-m/libgcc.a(_aeabi_uldivmod.o) (__aeabi_ldiv0)
/home/rayan/Ac6/SystemWorkbench/plugins/fr.ac6.mcu.externaltools.arm-none.linux64_1.17.0.201812190825/tools/compiler/bin/../lib/gcc/arm-none-eabi/7.3.1/../../../../arm-none-eabi/lib/thumb/v7-m/libc_nano.a(lib_a-errno.o)
                              Src/syscalls.o (__errno)
/home/rayan/Ac6/SystemWorkbench/plugins/fr.ac6.mcu.externaltools.arm-none.linux64_1.17.0.201812190825/tools/compiler/bin/../lib/gcc/arm-none-eabi/7.3.1/../../../../arm-none-eabi/lib/thumb/v7-m/libc_nano.a(lib_a-exit.o)
                              /home/rayan/Ac6/SystemWorkbench/plugins/fr.ac6.mcu.externaltools.arm-none.linux64_1.17.0.201812190825/tools/compiler/bin/../lib/gcc/arm-none-eabi/7.3.1/../../../../arm-none-eabi/lib/thumb/v7-m/crt0.o (exit)
/home/rayan/Ac6/SystemWorkbench/plugins/fr.ac6.mcu.externaltools.arm-none.linux64_1.17.0.201812190825/tools/compiler/bin/../lib/gcc/arm-none-eabi/7.3.1/../../../../arm-none-eabi/lib/thumb/v7-m/libc_nano.a(lib_a-impure.o)
                              /home/rayan/Ac6/SystemWorkbench/plugins/fr.ac6.mcu.externaltools.arm-none.linux64_1.17.0.201812190825/tools/compiler/bin/../lib/gcc/arm-none-eabi/7.3.1/../../../../arm-none-eabi/lib/thumb/v7-m/libc_nano.a(lib_a-exit.o) (_global_impure_ptr)
/home/rayan/Ac6/SystemWorkbench/plugins/fr.ac6.mcu.externaltools.arm-none.linux64_1.17.0.201812190825/tools/compiler/bin/../lib/gcc/arm-none-eabi/7.3.1/../../../../arm-none-eabi/lib/thumb/v7-m/libc_nano.a(lib_a-init.o)
                              /home/rayan/Ac6/SystemWorkbench/plugins/fr.ac6.mcu.externaltools.arm-none.linux64_1.17.0.201812190825/tools/compiler/bin/../lib/gcc/arm-none-eabi/7.3.1/../../../../arm-none-eabi/lib/thumb/v7-m/crt0.o (__libc_init_array)
/home/rayan/Ac6/SystemWorkbench/plugins/fr.ac6.mcu.externaltools.arm-none.linux64_1.17.0.201812190825/tools/compiler/bin/../lib/gcc/arm-none-eabi/7.3.1/../../../../arm-none-eabi/lib/thumb/v7-m/libc_nano.a(lib_a-memcpy-stub.o)
                              Drivers/enc28j60/Src/lan.o (memcpy)
/home/rayan/Ac6/SystemWorkbench/plugins/fr.ac6.mcu.externaltools.arm-none.linux64_1.17.0.201812190825/tools/compiler/bin/../lib/gcc/arm-none-eabi/7.3.1/../../../../arm-none-eabi/lib/thumb/v7-m/libc_nano.a(lib_a-memset.o)
                              /home/rayan/Ac6/SystemWorkbench/plugins/fr.ac6.mcu.externaltools.arm-none.linux64_1.17.0.201812190825/tools/compiler/bin/../lib/gcc/arm-none-eabi/7.3.1/../../../../arm-none-eabi/lib/thumb/v7-m/crt0.o (memset)
/home/rayan/Ac6/SystemWorkbench/plugins/fr.ac6.mcu.externaltools.arm-none.linux64_1.17.0.201812190825/tools/compiler/bin/../lib/gcc/arm-none-eabi/7.3.1/../../../../arm-none-eabi/lib/thumb/v7-m/libc_nano.a(lib_a-sprintf.o)
                              Src/main.o (sprintf)
/home/rayan/Ac6/SystemWorkbench/plugins/fr.ac6.mcu.externaltools.arm-none.linux64_1.17.0.201812190825/tools/compiler/bin/../lib/gcc/arm-none-eabi/7.3.1/../../../../arm-none-eabi/lib/thumb/v7-m/libc_nano.a(lib_a-nano-svfprintf.o)
                              /home/rayan/Ac6/SystemWorkbench/plugins/fr.ac6.mcu.externaltools.arm-none.linux64_1.17.0.201812190825/tools/compiler/bin/../lib/gcc/arm-none-eabi/7.3.1/../../../../arm-none-eabi/lib/thumb/v7-m/libc_nano.a(lib_a-sprintf.o) (_svfprintf_r)
/home/rayan/Ac6/SystemWorkbench/plugins/fr.ac6.mcu.externaltools.arm-none.linux64_1.17.0.201812190825/tools/compiler/bin/../lib/gcc/arm-none-eabi/7.3.1/../../../../arm-none-eabi/lib/thumb/v7-m/libc_nano.a(lib_a-nano-vfprintf_i.o)
                              /home/rayan/Ac6/SystemWorkbench/plugins/fr.ac6.mcu.externaltools.arm-none.linux64_1.17.0.201812190825/tools/compiler/bin/../lib/gcc/arm-none-eabi/7.3.1/../../../../arm-none-eabi/lib/thumb/v7-m/libc_nano.a(lib_a-nano-svfprintf.o) (_printf_i)
[...]
Memory Configuration

Name             Origin             Length             Attributes
RAM              0x0000000020000000 0x0000000000018000 xrw
FLASH            0x0000000008000000 0x0000000000040000 xr
*default*        0x0000000000000000 0xffffffffffffffff

Linker script and memory map

LOAD /home/rayan/Ac6/SystemWorkbench/plugins/fr.ac6.mcu.externaltools.arm-none.linux64_1.17.0.201812190825/tools/compiler/bin/../lib/gcc/arm-none-eabi/7.3.1/thumb/v7-m/crti.o
LOAD /home/rayan/Ac6/SystemWorkbench/plugins/fr.ac6.mcu.externaltools.arm-none.linux64_1.17.0.201812190825/tools/compiler/bin/../lib/gcc/arm-none-eabi/7.3.1/thumb/v7-m/crtbegin.o
LOAD /home/rayan/Ac6/SystemWorkbench/plugins/fr.ac6.mcu.externaltools.arm-none.linux64_1.17.0.201812190825/tools/compiler/bin/../lib/gcc/arm-none-eabi/7.3.1/../../../../arm-none-eabi/lib/thumb/v7-m/crt0.o
LOAD Drivers/Delay_DWT/Src/delay_dwt.o
LOAD Drivers/STM32F2xx_HAL_Driver/Src/stm32f2xx_hal.o
LOAD Drivers/STM32F2xx_HAL_Driver/Src/stm32f2xx_hal_adc.o
LOAD Drivers/STM32F2xx_HAL_Driver/Src/stm32f2xx_hal_adc_ex.o
LOAD Drivers/STM32F2xx_HAL_Driver/Src/stm32f2xx_hal_cortex.o
LOAD Drivers/STM32F2xx_HAL_Driver/Src/stm32f2xx_hal_dma.o
LOAD Drivers/STM32F2xx_HAL_Driver/Src/stm32f2xx_hal_dma_ex.o
LOAD Drivers/STM32F2xx_HAL_Driver/Src/stm32f2xx_hal_exti.o
LOAD Drivers/STM32F2xx_HAL_Driver/Src/stm32f2xx_hal_flash.o
LOAD Drivers/STM32F2xx_HAL_Driver/Src/stm32f2xx_hal_flash_ex.o
LOAD Drivers/STM32F2xx_HAL_Driver/Src/stm32f2xx_hal_gpio.o
LOAD Drivers/STM32F2xx_HAL_Driver/Src/stm32f2xx_hal_pwr.o
LOAD Drivers/STM32F2xx_HAL_Driver/Src/stm32f2xx_hal_pwr_ex.o
LOAD Drivers/STM32F2xx_HAL_Driver/Src/stm32f2xx_hal_rcc.o
LOAD Drivers/STM32F2xx_HAL_Driver/Src/stm32f2xx_hal_rcc_ex.o
LOAD Drivers/STM32F2xx_HAL_Driver/Src/stm32f2xx_hal_rng.o
LOAD Drivers/STM32F2xx_HAL_Driver/Src/stm32f2xx_hal_spi.o
LOAD Drivers/STM32F2xx_HAL_Driver/Src/stm32f2xx_hal_tim.o
LOAD Drivers/STM32F2xx_HAL_Driver/Src/stm32f2xx_hal_tim_ex.o
LOAD Drivers/enc28j60/Src/enc28j60.o
LOAD Drivers/enc28j60/Src/lan.o
LOAD Drivers/si4463/Src/si4463.o
LOAD Middlewares/Third_Party/FreeRTOS/Source/CMSIS_RTOS/cmsis_os.o
LOAD Middlewares/Third_Party/FreeRTOS/Source/croutine.o
LOAD Middlewares/Third_Party/FreeRTOS/Source/event_groups.o
LOAD Middlewares/Third_Party/FreeRTOS/Source/list.o
LOAD Middlewares/Third_Party/FreeRTOS/Source/queue.o
LOAD Middlewares/Third_Party/FreeRTOS/Source/stream_buffer.o
LOAD Middlewares/Third_Party/FreeRTOS/Source/tasks.o
LOAD Middlewares/Third_Party/FreeRTOS/Source/timers.o
LOAD Middlewares/Third_Party/FreeRTOS/Source/portable/GCC/ARM_CM3/port.o
LOAD Middlewares/Third_Party/FreeRTOS/Source/portable/MemMang/heap_4.o
LOAD Src/adc.o
LOAD Src/freertos.o
LOAD Src/gpio.o
LOAD Src/main.o
LOAD Src/rng.o
LOAD Src/spi.o
LOAD Src/stm32f2xx_hal_msp.o
LOAD Src/stm32f2xx_hal_timebase_tim.o
LOAD Src/stm32f2xx_it.o
LOAD Src/syscalls.o
LOAD Src/system_stm32f2xx.o
LOAD startup/startup_stm32f205xx.o
LOAD /home/rayan/Ac6/SystemWorkbench/plugins/fr.ac6.mcu.externaltools.arm-none.linux64_1.17.0.201812190825/tools/compiler/bin/../lib/gcc/arm-none-eabi/7.3.1/../../../../arm-none-eabi/lib/thumb/v7-m/libm.a
START GROUP
LOAD /home/rayan/Ac6/SystemWorkbench/plugins/fr.ac6.mcu.externaltools.arm-none.linux64_1.17.0.201812190825/tools/compiler/bin/../lib/gcc/arm-none-eabi/7.3.1/thumb/v7-m/libgcc.a
LOAD /home/rayan/Ac6/SystemWorkbench/plugins/fr.ac6.mcu.externaltools.arm-none.linux64_1.17.0.201812190825/tools/compiler/bin/../lib/gcc/arm-none-eabi/7.3.1/../../../../arm-none-eabi/lib/thumb/v7-m/libc_nano.a
END GROUP
START GROUP
LOAD /home/rayan/Ac6/SystemWorkbench/plugins/fr.ac6.mcu.externaltools.arm-none.linux64_1.17.0.201812190825/tools/compiler/bin/../lib/gcc/arm-none-eabi/7.3.1/thumb/v7-m/libgcc.a
LOAD /home/rayan/Ac6/SystemWorkbench/plugins/fr.ac6.mcu.externaltools.arm-none.linux64_1.17.0.201812190825/tools/compiler/bin/../lib/gcc/arm-none-eabi/7.3.1/../../../../arm-none-eabi/lib/thumb/v7-m/libc_nano.a
LOAD /home/rayan/Ac6/SystemWorkbench/plugins/fr.ac6.mcu.externaltools.arm-none.linux64_1.17.0.201812190825/tools/compiler/bin/../lib/gcc/arm-none-eabi/7.3.1/../../../../arm-none-eabi/lib/thumb/v7-m/libnosys.a
END GROUP
START GROUP
LOAD /home/rayan/Ac6/SystemWorkbench/plugins/fr.ac6.mcu.externaltools.arm-none.linux64_1.17.0.201812190825/tools/compiler/bin/../lib/gcc/arm-none-eabi/7.3.1/thumb/v7-m/libgcc.a
LOAD /home/rayan/Ac6/SystemWorkbench/plugins/fr.ac6.mcu.externaltools.arm-none.linux64_1.17.0.201812190825/tools/compiler/bin/../lib/gcc/arm-none-eabi/7.3.1/../../../../arm-none-eabi/lib/thumb/v7-m/libc_nano.a
LOAD /home/rayan/Ac6/SystemWorkbench/plugins/fr.ac6.mcu.externaltools.arm-none.linux64_1.17.0.201812190825/tools/compiler/bin/../lib/gcc/arm-none-eabi/7.3.1/../../../../arm-none-eabi/lib/thumb/v7-m/libnosys.a
END GROUP
LOAD /home/rayan/Ac6/SystemWorkbench/plugins/fr.ac6.mcu.externaltools.arm-none.linux64_1.17.0.201812190825/tools/compiler/bin/../lib/gcc/arm-none-eabi/7.3.1/thumb/v7-m/crtend.o
LOAD /home/rayan/Ac6/SystemWorkbench/plugins/fr.ac6.mcu.externaltools.arm-none.linux64_1.17.0.201812190825/tools/compiler/bin/../lib/gcc/arm-none-eabi/7.3.1/thumb/v7-m/crtn.o
                0x0000000020018000                _estack = 0x20018000
                0x0000000000000200                _Min_Heap_Size = 0x200
                0x0000000000000400                _Min_Stack_Size = 0x400

.isr_vector     0x0000000008000000      0x184
                0x0000000008000000                . = ALIGN (0x4)
 *(.isr_vector)
 .isr_vector    0x0000000008000000      0x184 startup/startup_stm32f205xx.o
                0x0000000008000000                g_pfnVectors
                0x0000000008000184                . = ALIGN (0x4)

.text           0x0000000008000190     0x74dc
                0x0000000008000190                . = ALIGN (0x4)
 *(.text)
 .text          0x0000000008000190       0x40 /home/rayan/Ac6/SystemWorkbench/plugins/fr.ac6.mcu.externaltools.arm-none.linux64_1.17.0.201812190825/tools/compiler/bin/../lib/gcc/arm-none-eabi/7.3.1/thumb/v7-m/crtbegin.o
 .text          0x00000000080001d0       0x30 /home/rayan/Ac6/SystemWorkbench/plugins/fr.ac6.mcu.externaltools.arm-none.linux64_1.17.0.201812190825/tools/compiler/bin/../lib/gcc/arm-none-eabi/7.3.1/thumb/v7-m/libgcc.a(_aeabi_uldivmod.o)
                0x00000000080001d0                __aeabi_uldivmod
 .text          0x0000000008000200      0x2d0 /home/rayan/Ac6/SystemWorkbench/plugins/fr.ac6.mcu.externaltools.arm-none.linux64_1.17.0.201812190825/tools/compiler/bin/../lib/gcc/arm-none-eabi/7.3.1/thumb/v7-m/libgcc.a(_udivmoddi4.o)
                0x0000000008000200                __udivmoddi4
 .text          0x00000000080004d0        0x4 /home/rayan/Ac6/SystemWorkbench/plugins/fr.ac6.mcu.externaltools.arm-none.linux64_1.17.0.201812190825/tools/compiler/bin/../lib/gcc/arm-none-eabi/7.3.1/thumb/v7-m/libgcc.a(_dvmd_tls.o)
                0x00000000080004d0                __aeabi_ldiv0
                0x00000000080004d0                __aeabi_idiv0
 *(.text*)
 .text.DWT_DelayUpdate
                0x00000000080004d4       0x40 Drivers/Delay_DWT/Src/delay_dwt.o
                0x00000000080004d4                DWT_DelayUpdate
 .text.DWT_Init
                0x0000000008000514       0x2c Drivers/Delay_DWT/Src/delay_dwt.o
                0x0000000008000514                DWT_Init
 .text.DWT_Delay_ms
                0x0000000008000540       0x3c Drivers/Delay_DWT/Src/delay_dwt.o
                0x0000000008000540                DWT_Delay_ms
 .text.DWT_Delay_us
                0x000000000800057c       0x3c Drivers/Delay_DWT/Src/delay_dwt.o
                0x000000000800057c                DWT_Delay_us
 .text.HAL_Init
                0x00000000080005b8       0x44 Drivers/STM32F2xx_HAL_Driver/Src/stm32f2xx_hal.o
                0x00000000080005b8                HAL_Init
 .text.HAL_IncTick
                0x00000000080005fc       0x24 Drivers/STM32F2xx_HAL_Driver/Src/stm32f2xx_hal.o
                0x00000000080005fc                HAL_IncTick
 .text.HAL_GetTick
                0x0000000008000620       0x14 Drivers/STM32F2xx_HAL_Driver/Src/stm32f2xx_hal.o
                0x0000000008000620                HAL_GetTick
 .text.HAL_ADC_Init
                0x0000000008000634       0x86 Drivers/STM32F2xx_HAL_Driver/Src/stm32f2xx_hal_adc.o
                0x0000000008000634                HAL_ADC_Init
 *fill*         0x00000000080006ba        0x2 
 .text.HAL_ADC_Start
                0x00000000080006bc      0x148 Drivers/STM32F2xx_HAL_Driver/Src/stm32f2xx_hal_adc.o
                0x00000000080006bc                HAL_ADC_Start
 .text.HAL_ADC_Stop
                0x0000000008000804       0x64 Drivers/STM32F2xx_HAL_Driver/Src/stm32f2xx_hal_adc.o
                0x0000000008000804                HAL_ADC_Stop
 .text.HAL_ADC_PollForConversion
                0x0000000008000868      0x108 Drivers/STM32F2xx_HAL_Driver/Src/stm32f2xx_hal_adc.o
                0x0000000008000868                HAL_ADC_PollForConversion
 .text.HAL_ADC_GetValue
                0x0000000008000970       0x18 Drivers/STM32F2xx_HAL_Driver/Src/stm32f2xx_hal_adc.o
                0x0000000008000970                HAL_ADC_GetValue
 .text.HAL_ADC_ConfigChannel
                0x0000000008000988      0x240 Drivers/STM32F2xx_HAL_Driver/Src/stm32f2xx_hal_adc.o
                0x0000000008000988                HAL_ADC_ConfigChannel
 .text.ADC_Init
                0x0000000008000bc8      0x208 Drivers/STM32F2xx_HAL_Driver/Src/stm32f2xx_hal_adc.o
 .text.__NVIC_SetPriorityGrouping
                0x0000000008000dd0       0x48 Drivers/STM32F2xx_HAL_Driver/Src/stm32f2xx_hal_cortex.o
 .text.__NVIC_GetPriorityGrouping
                0x0000000008000e18       0x1c Drivers/STM32F2xx_HAL_Driver/Src/stm32f2xx_hal_cortex.o
 .text.__NVIC_EnableIRQ
                0x0000000008000e34       0x38 Drivers/STM32F2xx_HAL_Driver/Src/stm32f2xx_hal_cortex.o
 .text.__NVIC_DisableIRQ
                0x0000000008000e6c       0x44 Drivers/STM32F2xx_HAL_Driver/Src/stm32f2xx_hal_cortex.o
 .text.__NVIC_SetPriority
                0x0000000008000eb0       0x54 Drivers/STM32F2xx_HAL_Driver/Src/stm32f2xx_hal_cortex.o
 .text.NVIC_EncodePriority
                0x0000000008000f04       0x64 Drivers/STM32F2xx_HAL_Driver/Src/stm32f2xx_hal_cortex.o
 .text.HAL_NVIC_SetPriorityGrouping
                0x0000000008000f68       0x16 Drivers/STM32F2xx_HAL_Driver/Src/stm32f2xx_hal_cortex.o
                0x0000000008000f68                HAL_NVIC_SetPriorityGrouping
 .text.HAL_NVIC_SetPriority
                0x0000000008000f7e       0x38 Drivers/STM32F2xx_HAL_Driver/Src/stm32f2xx_hal_cortex.o
                0x0000000008000f7e                HAL_NVIC_SetPriority
 .text.HAL_NVIC_EnableIRQ
                0x0000000008000fb6       0x1c Drivers/STM32F2xx_HAL_Driver/Src/stm32f2xx_hal_cortex.o
                0x0000000008000fb6                HAL_NVIC_EnableIRQ
 .text.HAL_NVIC_DisableIRQ
                0x0000000008000fd2       0x1c Drivers/STM32F2xx_HAL_Driver/Src/stm32f2xx_hal_cortex.o
                0x0000000008000fd2                HAL_NVIC_DisableIRQ
 *fill*         0x0000000008000fee        0x2 
 .text.HAL_GPIO_Init
                0x0000000008000ff0      0x33c Drivers/STM32F2xx_HAL_Driver/Src/stm32f2xx_hal_gpio.o
                0x0000000008000ff0                HAL_GPIO_Init
 .text.HAL_GPIO_WritePin
                0x000000000800132c       0x30 Drivers/STM32F2xx_HAL_Driver/Src/stm32f2xx_hal_gpio.o
                0x000000000800132c                HAL_GPIO_WritePin
 .text.HAL_GPIO_TogglePin
                0x000000000800135c       0x32 Drivers/STM32F2xx_HAL_Driver/Src/stm32f2xx_hal_gpio.o
                0x000000000800135c                HAL_GPIO_TogglePin
 *fill*         0x000000000800138e        0x2 
 .text.HAL_GPIO_EXTI_IRQHandler
                0x0000000008001390       0x30 Drivers/STM32F2xx_HAL_Driver/Src/stm32f2xx_hal_gpio.o
                0x0000000008001390                HAL_GPIO_EXTI_IRQHandler
 .text.HAL_RCC_OscConfig
                0x00000000080013c0      0x4d4 Drivers/STM32F2xx_HAL_Driver/Src/stm32f2xx_hal_rcc.o
                0x00000000080013c0                HAL_RCC_OscConfig
 .text.HAL_RCC_ClockConfig
                0x0000000008001894      0x1d8 Drivers/STM32F2xx_HAL_Driver/Src/stm32f2xx_hal_rcc.o
                0x0000000008001894                HAL_RCC_ClockConfig
 .text.HAL_RCC_GetSysClockFreq
                0x0000000008001a6c      0x1b0 Drivers/STM32F2xx_HAL_Driver/Src/stm32f2xx_hal_rcc.o
                0x0000000008001a6c                HAL_RCC_GetSysClockFreq
 .text.HAL_RCC_GetHCLKFreq
                0x0000000008001c1c       0x14 Drivers/STM32F2xx_HAL_Driver/Src/stm32f2xx_hal_rcc.o
                0x0000000008001c1c                HAL_RCC_GetHCLKFreq
 .text.HAL_RCC_GetPCLK1Freq
                0x0000000008001c30       0x44 Drivers/STM32F2xx_HAL_Driver/Src/stm32f2xx_hal_rcc.o
                0x0000000008001c30                HAL_RCC_GetPCLK1Freq
 .text.HAL_RCC_GetClockConfig
                0x0000000008001c74       0x60 Drivers/STM32F2xx_HAL_Driver/Src/stm32f2xx_hal_rcc.o
                0x0000000008001c74                HAL_RCC_GetClockConfig
 .text.HAL_RNG_Init
                0x0000000008001cd4       0x54 Drivers/STM32F2xx_HAL_Driver/Src/stm32f2xx_hal_rng.o
                0x0000000008001cd4                HAL_RNG_Init
 .text.HAL_SPI_Init
                0x0000000008001d28       0xc8 Drivers/STM32F2xx_HAL_Driver/Src/stm32f2xx_hal_spi.o
                0x0000000008001d28                HAL_SPI_Init
 .text.HAL_SPI_Transmit
                0x0000000008001df0      0x268 Drivers/STM32F2xx_HAL_Driver/Src/stm32f2xx_hal_spi.o
                0x0000000008001df0                HAL_SPI_Transmit
 .text.HAL_SPI_Receive
                0x0000000008002058      0x212 Drivers/STM32F2xx_HAL_Driver/Src/stm32f2xx_hal_spi.o
                0x0000000008002058                HAL_SPI_Receive
 .text.HAL_SPI_TransmitReceive
                0x000000000800226a      0x344 Drivers/STM32F2xx_HAL_Driver/Src/stm32f2xx_hal_spi.o
                0x000000000800226a                HAL_SPI_TransmitReceive
 .text.SPI_WaitFlagStateUntilTimeout
                0x00000000080025ae       0xd4 Drivers/STM32F2xx_HAL_Driver/Src/stm32f2xx_hal_spi.o
 .text.SPI_EndRxTransaction
                0x0000000008002682       0x6a Drivers/STM32F2xx_HAL_Driver/Src/stm32f2xx_hal_spi.o
 .text.SPI_EndRxTxTransaction
                0x00000000080026ec       0x3c Drivers/STM32F2xx_HAL_Driver/Src/stm32f2xx_hal_spi.o
 .text.HAL_TIM_Base_Init
                0x0000000008002728       0x56 Drivers/STM32F2xx_HAL_Driver/Src/stm32f2xx_hal_tim.o
                0x0000000008002728                HAL_TIM_Base_Init
 .text.HAL_TIM_Base_MspInit
                0x000000000800277e       0x12 Drivers/STM32F2xx_HAL_Driver/Src/stm32f2xx_hal_tim.o
                0x000000000800277e                HAL_TIM_Base_MspInit
 .text.HAL_TIM_Base_Start_IT
                0x0000000008002790       0x46 Drivers/STM32F2xx_HAL_Driver/Src/stm32f2xx_hal_tim.o
                0x0000000008002790                HAL_TIM_Base_Start_IT
 .text.HAL_TIM_IRQHandler
                0x00000000080027d6      0x210 Drivers/STM32F2xx_HAL_Driver/Src/stm32f2xx_hal_tim.o
                0x00000000080027d6                HAL_TIM_IRQHandler
 .text.HAL_TIM_OC_DelayElapsedCallback
                0x00000000080029e6       0x12 Drivers/STM32F2xx_HAL_Driver/Src/stm32f2xx_hal_tim.o
                0x00000000080029e6                HAL_TIM_OC_DelayElapsedCallback
 .text.HAL_TIM_IC_CaptureCallback
                0x00000000080029f8       0x12 Drivers/STM32F2xx_HAL_Driver/Src/stm32f2xx_hal_tim.o
                0x00000000080029f8                HAL_TIM_IC_CaptureCallback
 .text.HAL_TIM_PWM_PulseFinishedCallback
                0x0000000008002a0a       0x12 Drivers/STM32F2xx_HAL_Driver/Src/stm32f2xx_hal_tim.o
                0x0000000008002a0a                HAL_TIM_PWM_PulseFinishedCallback
 .text.HAL_TIM_TriggerCallback
                0x0000000008002a1c       0x12 Drivers/STM32F2xx_HAL_Driver/Src/stm32f2xx_hal_tim.o
                0x0000000008002a1c                HAL_TIM_TriggerCallback
 *fill*         0x0000000008002a2e        0x2 
 .text.TIM_Base_SetConfig
                0x0000000008002a30      0x13c Drivers/STM32F2xx_HAL_Driver/Src/stm32f2xx_hal_tim.o
                0x0000000008002a30                TIM_Base_SetConfig
 .text.HAL_TIMEx_CommutCallback
                0x0000000008002b6c       0x12 Drivers/STM32F2xx_HAL_Driver/Src/stm32f2xx_hal_tim_ex.o
                0x0000000008002b6c                HAL_TIMEx_CommutCallback
 .text.HAL_TIMEx_BreakCallback
                0x0000000008002b7e       0x12 Drivers/STM32F2xx_HAL_Driver/Src/stm32f2xx_hal_tim_ex.o
                0x0000000008002b7e                HAL_TIMEx_BreakCallback
 .text.enc28j60_rxtx
                0x0000000008002b90       0x3c Drivers/enc28j60/Src/enc28j60.o
                0x0000000008002b90                enc28j60_rxtx
 .text.enc28j60_read_op
                0x0000000008002bcc       0x6c Drivers/enc28j60/Src/enc28j60.o
                0x0000000008002bcc                enc28j60_read_op
 .text.enc28j60_write_op
                0x0000000008002c38       0x5c Drivers/enc28j60/Src/enc28j60.o
                0x0000000008002c38                enc28j60_write_op
 .text.enc28j60_soft_reset
                0x0000000008002c94       0x38 Drivers/enc28j60/Src/enc28j60.o
                0x0000000008002c94                enc28j60_soft_reset
 .text.enc28j60_set_bank
                0x0000000008002ccc       0x54 Drivers/enc28j60/Src/enc28j60.o
                0x0000000008002ccc                enc28j60_set_bank
 .text.enc28j60_rcr
                0x0000000008002d20       0x26 Drivers/enc28j60/Src/enc28j60.o
                0x0000000008002d20                enc28j60_rcr
 .text.enc28j60_wcr
                0x0000000008002d46       0x2c Drivers/enc28j60/Src/enc28j60.o
                0x0000000008002d46                enc28j60_wcr
 .text.enc28j60_wcr16
                0x0000000008002d72       0x44 Drivers/enc28j60/Src/enc28j60.o
                0x0000000008002d72                enc28j60_wcr16
 .text.enc28j60_bfc
                0x0000000008002db6       0x2c Drivers/enc28j60/Src/enc28j60.o
                0x0000000008002db6                enc28j60_bfc
 .text.enc28j60_bfs
                0x0000000008002de2       0x2c Drivers/enc28j60/Src/enc28j60.o
                0x0000000008002de2                enc28j60_bfs
 *fill*         0x0000000008002e0e        0x2 
 .text.enc28j60_read_buffer
                0x0000000008002e10       0x54 Drivers/enc28j60/Src/enc28j60.o
                0x0000000008002e10                enc28j60_read_buffer
 .text.enc28j60_write_buffer
                0x0000000008002e64       0x54 Drivers/enc28j60/Src/enc28j60.o
                0x0000000008002e64                enc28j60_write_buffer
 .text.enc28j60_write_phy
                0x0000000008002eb8       0x3e Drivers/enc28j60/Src/enc28j60.o
                0x0000000008002eb8                enc28j60_write_phy
 *fill*         0x0000000008002ef6        0x2 
 .text.enc28j60_init
                0x0000000008002ef8       0xec Drivers/enc28j60/Src/enc28j60.o
                0x0000000008002ef8                enc28j60_init
 .text.enc28j60_send_packet
                0x0000000008002fe4       0x88 Drivers/enc28j60/Src/enc28j60.o
                0x0000000008002fe4                enc28j60_send_packet
 .text.enc28j60_recv_packet
                0x000000000800306c       0x9c Drivers/enc28j60/Src/enc28j60.o
                0x000000000800306c                enc28j60_recv_packet
 .text.Error    0x0000000008003108        0xc Drivers/enc28j60/Src/enc28j60.o
 .text.udp_send
                0x0000000008003114       0x88 Drivers/enc28j60/Src/lan.o
                0x0000000008003114                udp_send
 .text.udp_filter
                0x000000000800319c       0x50 Drivers/enc28j60/Src/lan.o
                0x000000000800319c                udp_filter
 .text.icmp_filter
                0x00000000080031ec       0x4c Drivers/enc28j60/Src/lan.o
                0x00000000080031ec                icmp_filter
 .text.ip_cksum
                0x0000000008003238       0x88 Drivers/enc28j60/Src/lan.o
                0x0000000008003238                ip_cksum
 .text.ip_send  0x00000000080032c0      0x10c Drivers/enc28j60/Src/lan.o
                0x00000000080032c0                ip_send
 .text.ip_reply
                0x00000000080033cc       0x8c Drivers/enc28j60/Src/lan.o
                0x00000000080033cc                ip_reply
 .text.ip_filter
                0x0000000008003458       0xbc Drivers/enc28j60/Src/lan.o
                0x0000000008003458                ip_filter
 .text.arp_search_cache
                0x0000000008003514       0x54 Drivers/enc28j60/Src/lan.o
                0x0000000008003514                arp_search_cache
 .text.arp_resolve
                0x0000000008003568       0xc4 Drivers/enc28j60/Src/lan.o
                0x0000000008003568                arp_resolve
 .text.arp_filter
                0x000000000800362c      0x11c Drivers/enc28j60/Src/lan.o
                0x000000000800362c                arp_filter
 .text.eth_send
                0x0000000008003748       0x34 Drivers/enc28j60/Src/lan.o
                0x0000000008003748                eth_send
 .text.eth_reply
                0x000000000800377c       0x44 Drivers/enc28j60/Src/lan.o
                0x000000000800377c                eth_reply
 .text.eth_filter
                0x00000000080037c0       0x4c Drivers/enc28j60/Src/lan.o
                0x00000000080037c0                eth_filter
 .text.lan_init
                0x000000000800380c       0x14 Drivers/enc28j60/Src/lan.o
                0x000000000800380c                lan_init
 .text.lan_poll
                0x0000000008003820       0x38 Drivers/enc28j60/Src/lan.o
                0x0000000008003820                lan_poll
 .text.SI4463_WaitCTS_SPI
                0x0000000008003858       0x60 Drivers/si4463/Src/si4463.o
                0x0000000008003858                SI4463_WaitCTS_SPI
 .text.SI4463_Reset
                0x00000000080038b8       0x36 Drivers/si4463/Src/si4463.o
                0x00000000080038b8                SI4463_Reset
 .text.SI4463_SendCommand
                0x00000000080038ee       0xa2 Drivers/si4463/Src/si4463.o
                0x00000000080038ee                SI4463_SendCommand
 .text.SI4463_ReadCommandBuffer
                0x0000000008003990       0xb8 Drivers/si4463/Src/si4463.o
                0x0000000008003990                SI4463_ReadCommandBuffer
 .text.SI4463_SendNop
                0x0000000008003a48       0x34 Drivers/si4463/Src/si4463.o
                0x0000000008003a48                SI4463_SendNop
 .text.SI4463_GetSwCts
                0x0000000008003a7c       0x52 Drivers/si4463/Src/si4463.o
                0x0000000008003a7c                SI4463_GetSwCts
 *fill*         0x0000000008003ace        0x2 
 .text.SI4463_Init
                0x0000000008003ad0      0x128 Drivers/si4463/Src/si4463.o
                0x0000000008003ad0                SI4463_Init
 .text.SI4463_GetInterrupts
                0x0000000008003bf8      0x2b0 Drivers/si4463/Src/si4463.o
                0x0000000008003bf8                SI4463_GetInterrupts
 .text.SI4463_ClearInterrupts
                0x0000000008003ea8       0x7c Drivers/si4463/Src/si4463.o
                0x0000000008003ea8                SI4463_ClearInterrupts
 .text.SI4463_ClearAllInterrupts
                0x0000000008003f24       0x3c Drivers/si4463/Src/si4463.o
                0x0000000008003f24                SI4463_ClearAllInterrupts
 .text.SI4463_GetPartInfo
                0x0000000008003f60       0x4e Drivers/si4463/Src/si4463.o
                0x0000000008003f60                SI4463_GetPartInfo
 *fill*         0x0000000008003fae        0x2 
 .text.SI4463_GetChipStatus
                0x0000000008003fb0       0x98 Drivers/si4463/Src/si4463.o
                0x0000000008003fb0                SI4463_GetChipStatus
 .text.SI4463_ClearChipStatus
                0x0000000008004048       0x74 Drivers/si4463/Src/si4463.o
                0x0000000008004048                SI4463_ClearChipStatus
 .text.SI4463_StartRx
                0x00000000080040bc       0xac Drivers/si4463/Src/si4463.o
                0x00000000080040bc                SI4463_StartRx
 .text.SI4463_StartTx
                0x0000000008004168       0x7e Drivers/si4463/Src/si4463.o
                0x0000000008004168                SI4463_StartTx
 .text.SI4463_WriteTxFifo
                0x00000000080041e6       0xae Drivers/si4463/Src/si4463.o
                0x00000000080041e6                SI4463_WriteTxFifo
 .text.SI4463_ReadRxFifo
                0x0000000008004294      0x146 Drivers/si4463/Src/si4463.o
                0x0000000008004294                SI4463_ReadRxFifo
 .text.SI4463_GetTxFifoRemainBytes
                0x00000000080043da       0x76 Drivers/si4463/Src/si4463.o
                0x00000000080043da                SI4463_GetTxFifoRemainBytes
 .text.SI4463_ClearRxFifo
                0x0000000008004450       0x3c Drivers/si4463/Src/si4463.o
                0x0000000008004450                SI4463_ClearRxFifo
 .text.SI4463_ClearTxFifo
                0x000000000800448c       0x3c Drivers/si4463/Src/si4463.o
                0x000000000800448c                SI4463_ClearTxFifo
 .text.SI4463_Transmit
                0x00000000080044c8       0x8e Drivers/si4463/Src/si4463.o
                0x00000000080044c8                SI4463_Transmit
 .text.SI4463_GetProperty
                0x0000000008004556       0xbe Drivers/si4463/Src/si4463.o
                0x0000000008004556                SI4463_GetProperty
 .text.SI4463_SetProperty
                0x0000000008004614       0xe4 Drivers/si4463/Src/si4463.o
                0x0000000008004614                SI4463_SetProperty
 .text.SI4463_GetBatAdc
                0x00000000080046f8       0x90 Drivers/si4463/Src/si4463.o
                0x00000000080046f8                SI4463_GetBatAdc
 .text.SI4463_GetTempAdc
                0x0000000008004788       0x90 Drivers/si4463/Src/si4463.o
                0x0000000008004788                SI4463_GetTempAdc
 .text.SI4463_SetTxPower
                0x0000000008004818       0x86 Drivers/si4463/Src/si4463.o
                0x0000000008004818                SI4463_SetTxPower
 .text.SI4463_CheckDevice
                0x000000000800489e       0x46 Drivers/si4463/Src/si4463.o
                0x000000000800489e                SI4463_CheckDevice
 .text.SI4463_GetPacketInfo
                0x00000000080048e4       0x98 Drivers/si4463/Src/si4463.o
                0x00000000080048e4                SI4463_GetPacketInfo
 .text.makeFreeRtosPriority
                0x000000000800497c       0x2e Middlewares/Third_Party/FreeRTOS/Source/CMSIS_RTOS/cmsis_os.o
 .text.osKernelStart
                0x00000000080049aa        0xe Middlewares/Third_Party/FreeRTOS/Source/CMSIS_RTOS/cmsis_os.o
                0x00000000080049aa                osKernelStart
 .text.osThreadCreate
                0x00000000080049b8       0x98 Middlewares/Third_Party/FreeRTOS/Source/CMSIS_RTOS/cmsis_os.o
                0x00000000080049b8                osThreadCreate
 .text.osDelay  0x0000000008004a50       0x28 Middlewares/Third_Party/FreeRTOS/Source/CMSIS_RTOS/cmsis_os.o
                0x0000000008004a50                osDelay
 .text.vListInitialise
                0x0000000008004a78       0x3e Middlewares/Third_Party/FreeRTOS/Source/list.o
                0x0000000008004a78                vListInitialise
 .text.vListInitialiseItem
                0x0000000008004ab6       0x18 Middlewares/Third_Party/FreeRTOS/Source/list.o
                0x0000000008004ab6                vListInitialiseItem
 .text.vListInsertEnd
                0x0000000008004ace       0x46 Middlewares/Third_Party/FreeRTOS/Source/list.o
                0x0000000008004ace                vListInsertEnd
 .text.vListInsert
                0x0000000008004b14       0x70 Middlewares/Third_Party/FreeRTOS/Source/list.o
                0x0000000008004b14                vListInsert
 .text.uxListRemove
                0x0000000008004b84       0x52 Middlewares/Third_Party/FreeRTOS/Source/list.o
                0x0000000008004b84                uxListRemove
 .text.xTaskCreateStatic
                0x0000000008004bd6       0xb2 Middlewares/Third_Party/FreeRTOS/Source/tasks.o
                0x0000000008004bd6                xTaskCreateStatic
 .text.xTaskCreate
                0x0000000008004c88       0x8a Middlewares/Third_Party/FreeRTOS/Source/tasks.o
                0x0000000008004c88                xTaskCreate
 .text.prvInitialiseNewTask
                0x0000000008004d12       0xfc Middlewares/Third_Party/FreeRTOS/Source/tasks.o
 *fill*         0x0000000008004e0e        0x2 
 .text.prvAddNewTaskToReadyList
                0x0000000008004e10       0xd4 Middlewares/Third_Party/FreeRTOS/Source/tasks.o
 .text.vTaskDelay
                0x0000000008004ee4       0x68 Middlewares/Third_Party/FreeRTOS/Source/tasks.o
                0x0000000008004ee4                vTaskDelay
 .text.vTaskStartScheduler
                0x0000000008004f4c       0xbc Middlewares/Third_Party/FreeRTOS/Source/tasks.o
                0x0000000008004f4c                vTaskStartScheduler
 .text.vTaskSuspendAll
                0x0000000008005008       0x1c Middlewares/Third_Party/FreeRTOS/Source/tasks.o
                0x0000000008005008                vTaskSuspendAll
 .text.xTaskResumeAll
                0x0000000008005024      0x138 Middlewares/Third_Party/FreeRTOS/Source/tasks.o
                0x0000000008005024                xTaskResumeAll
 .text.xTaskIncrementTick
                0x000000000800515c      0x178 Middlewares/Third_Party/FreeRTOS/Source/tasks.o
                0x000000000800515c                xTaskIncrementTick
 .text.vTaskSwitchContext
                0x00000000080052d4       0xb4 Middlewares/Third_Party/FreeRTOS/Source/tasks.o
                0x00000000080052d4                vTaskSwitchContext
 .text.prvIdleTask
                0x0000000008005388       0x30 Middlewares/Third_Party/FreeRTOS/Source/tasks.o
 .text.prvInitialiseTaskLists
                0x00000000080053b8       0x80 Middlewares/Third_Party/FreeRTOS/Source/tasks.o
 .text.prvCheckTasksWaitingTermination
                0x0000000008005438       0x58 Middlewares/Third_Party/FreeRTOS/Source/tasks.o
 .text.prvDeleteTCB
                0x0000000008005490       0x5c Middlewares/Third_Party/FreeRTOS/Source/tasks.o
 .text.prvResetNextTaskUnblockTime
                0x00000000080054ec       0x48 Middlewares/Third_Party/FreeRTOS/Source/tasks.o
 .text.prvAddCurrentTaskToDelayedList
                0x0000000008005534       0xcc Middlewares/Third_Party/FreeRTOS/Source/tasks.o
 .text.pxPortInitialiseStack
                0x0000000008005600       0x58 Middlewares/Third_Party/FreeRTOS/Source/portable/GCC/ARM_CM3/port.o
                0x0000000008005600                pxPortInitialiseStack
 .text.prvTaskExitError
                0x0000000008005658       0x50 Middlewares/Third_Party/FreeRTOS/Source/portable/GCC/ARM_CM3/port.o
 *fill*         0x00000000080056a8        0x8 
 .text.SVC_Handler
                0x00000000080056b0       0x28 Middlewares/Third_Party/FreeRTOS/Source/portable/GCC/ARM_CM3/port.o
                0x00000000080056b0                SVC_Handler
 .text.prvPortStartFirstTask
                0x00000000080056d8       0x20 Middlewares/Third_Party/FreeRTOS/Source/portable/GCC/ARM_CM3/port.o
 .text.xPortStartScheduler
                0x00000000080056f8       0xe0 Middlewares/Third_Party/FreeRTOS/Source/portable/GCC/ARM_CM3/port.o
                0x00000000080056f8                xPortStartScheduler
 .text.vPortEnterCritical
                0x00000000080057d8       0x5c Middlewares/Third_Party/FreeRTOS/Source/portable/GCC/ARM_CM3/port.o
                0x00000000080057d8                vPortEnterCritical
 .text.vPortExitCritical
                0x0000000008005834       0x4c Middlewares/Third_Party/FreeRTOS/Source/portable/GCC/ARM_CM3/port.o
                0x0000000008005834                vPortExitCritical
 .text.PendSV_Handler
                0x0000000008005880       0x48 Middlewares/Third_Party/FreeRTOS/Source/portable/GCC/ARM_CM3/port.o
                0x0000000008005880                PendSV_Handler
 .text.SysTick_Handler
                0x00000000080058c8       0x40 Middlewares/Third_Party/FreeRTOS/Source/portable/GCC/ARM_CM3/port.o
                0x00000000080058c8                SysTick_Handler
 .text.vPortSetupTimerInterrupt
                0x0000000008005908       0x44 Middlewares/Third_Party/FreeRTOS/Source/portable/GCC/ARM_CM3/port.o
                0x0000000008005908                vPortSetupTimerInterrupt
 .text.pvPortMalloc
                0x000000000800594c      0x184 Middlewares/Third_Party/FreeRTOS/Source/portable/MemMang/heap_4.o
                0x000000000800594c                pvPortMalloc
 .text.vPortFree
                0x0000000008005ad0       0xb0 Middlewares/Third_Party/FreeRTOS/Source/portable/MemMang/heap_4.o
                0x0000000008005ad0                vPortFree
 .text.prvHeapInit
                0x0000000008005b80       0xc4 Middlewares/Third_Party/FreeRTOS/Source/portable/MemMang/heap_4.o
 .text.prvInsertBlockIntoFreeList
                0x0000000008005c44       0xb0 Middlewares/Third_Party/FreeRTOS/Source/portable/MemMang/heap_4.o
 .text.MX_ADC1_Init
                0x0000000008005cf4       0xa0 Src/adc.o
                0x0000000008005cf4                MX_ADC1_Init
 .text.HAL_ADC_MspInit
                0x0000000008005d94       0x88 Src/adc.o
                0x0000000008005d94                HAL_ADC_MspInit
 .text.ADC_Get_Vbat
                0x0000000008005e1c       0x74 Src/adc.o
                0x0000000008005e1c                ADC_Get_Vbat
 .text.udp_packet
                0x0000000008005e90       0xbc Src/freertos.o
                0x0000000008005e90                udp_packet
 .text.vApplicationGetIdleTaskMemory
                0x0000000008005f4c       0x30 Src/freertos.o
                0x0000000008005f4c                vApplicationGetIdleTaskMemory
 .text.MX_FREERTOS_Init
                0x0000000008005f7c       0x68 Src/freertos.o
                0x0000000008005f7c                MX_FREERTOS_Init
 .text.StartDefaultTask
                0x0000000008005fe4       0x2c Src/freertos.o
                0x0000000008005fe4                StartDefaultTask
 .text.StartTask02
                0x0000000008006010       0x14 Src/freertos.o
                0x0000000008006010                StartTask02
 .text.MX_GPIO_Init
                0x0000000008006024      0x1b8 Src/gpio.o
                0x0000000008006024                MX_GPIO_Init
 .text.main     0x00000000080061dc       0xd8 Src/main.o
                0x00000000080061dc                main
 .text.SystemClock_Config
                0x00000000080062b4       0x8c Src/main.o
                0x00000000080062b4                SystemClock_Config
 .text.HAL_GPIO_EXTI_Callback
                0x0000000008006340      0x1b0 Src/main.o
                0x0000000008006340                HAL_GPIO_EXTI_Callback
 .text.SI4463_IsCTS
                0x00000000080064f0       0x24 Src/main.o
                0x00000000080064f0                SI4463_IsCTS
 .text.SI4463_WriteRead
                0x0000000008006514       0x2c Src/main.o
                0x0000000008006514                SI4463_WriteRead
 .text.SI4463_SPIRead
                0x0000000008006540       0x24 Src/main.o
                0x0000000008006540                SI4463_SPIRead
 .text.SI4463_SPITransmit
                0x0000000008006564       0x24 Src/main.o
                0x0000000008006564                SI4463_SPITransmit
 .text.SI4463_SetShutdown
                0x0000000008006588       0x18 Src/main.o
                0x0000000008006588                SI4463_SetShutdown
 .text.SI4463_ClearShutdown
                0x00000000080065a0       0x18 Src/main.o
                0x00000000080065a0                SI4463_ClearShutdown
 .text.SI4463_Select
                0x00000000080065b8       0x1c Src/main.o
                0x00000000080065b8                SI4463_Select
 .text.SI4463_Deselect
                0x00000000080065d4       0x18 Src/main.o
                0x00000000080065d4                SI4463_Deselect
 .text.SI4463_CheckModule
                0x00000000080065ec       0xcc Src/main.o
                0x00000000080065ec                SI4463_CheckModule
 .text.Check_CMD
                0x00000000080066b8      0x1bc Src/main.o
                0x00000000080066b8                Check_CMD
 .text.send_to_udp
                0x0000000008006874       0x80 Src/main.o
                0x0000000008006874                send_to_udp
 .text.HAL_TIM_PeriodElapsedCallback
                0x00000000080068f4       0x24 Src/main.o
                0x00000000080068f4                HAL_TIM_PeriodElapsedCallback
 .text.Error_Handler
                0x0000000008006918        0xc Src/main.o
                0x0000000008006918                Error_Handler
 .text.MX_RNG_Init
                0x0000000008006924       0x28 Src/rng.o
                0x0000000008006924                MX_RNG_Init
 .text.HAL_RNG_MspInit
                0x000000000800694c       0x40 Src/rng.o
                0x000000000800694c                HAL_RNG_MspInit
 .text.MX_SPI1_Init
                0x000000000800698c       0x6c Src/spi.o
                0x000000000800698c                MX_SPI1_Init
 .text.MX_SPI3_Init
                0x00000000080069f8       0x6c Src/spi.o
                0x00000000080069f8                MX_SPI3_Init
 .text.HAL_SPI_MspInit
                0x0000000008006a64       0xfc Src/spi.o
                0x0000000008006a64                HAL_SPI_MspInit
 .text.HAL_MspInit
                0x0000000008006b60       0x58 Src/stm32f2xx_hal_msp.o
                0x0000000008006b60                HAL_MspInit
 .text.HAL_InitTick
                0x0000000008006bb8       0xb4 Src/stm32f2xx_hal_timebase_tim.o
                0x0000000008006bb8                HAL_InitTick
 .text.NMI_Handler
                0x0000000008006c6c        0xc Src/stm32f2xx_it.o
                0x0000000008006c6c                NMI_Handler
 .text.HardFault_Handler
                0x0000000008006c78        0x6 Src/stm32f2xx_it.o
                0x0000000008006c78                HardFault_Handler
 .text.MemManage_Handler
                0x0000000008006c7e        0x6 Src/stm32f2xx_it.o
                0x0000000008006c7e                MemManage_Handler
 .text.BusFault_Handler
                0x0000000008006c84        0x6 Src/stm32f2xx_it.o
                0x0000000008006c84                BusFault_Handler
 .text.UsageFault_Handler
                0x0000000008006c8a        0x6 Src/stm32f2xx_it.o
                0x0000000008006c8a                UsageFault_Handler
 .text.DebugMon_Handler
                0x0000000008006c90        0xc Src/stm32f2xx_it.o
                0x0000000008006c90                DebugMon_Handler
 .text.EXTI1_IRQHandler
                0x0000000008006c9c        0xe Src/stm32f2xx_it.o
                0x0000000008006c9c                EXTI1_IRQHandler
 *fill*         0x0000000008006caa        0x2 
 .text.TIM3_IRQHandler
                0x0000000008006cac       0x14 Src/stm32f2xx_it.o
                0x0000000008006cac                TIM3_IRQHandler
 .text._sbrk    0x0000000008006cc0       0x58 Src/syscalls.o
                0x0000000008006cc0                _sbrk
 .text.SystemInit
                0x0000000008006d18       0x5c Src/system_stm32f2xx.o
                0x0000000008006d18                SystemInit
 .text.Reset_Handler
                0x0000000008006d74       0x50 startup/startup_stm32f205xx.o
                0x0000000008006d74                Reset_Handler
 .text.Default_Handler
                0x0000000008006dc4        0x2 startup/startup_stm32f205xx.o
                0x0000000008006dc4                RTC_Alarm_IRQHandler
                0x0000000008006dc4                HASH_RNG_IRQHandler
                0x0000000008006dc4                EXTI2_IRQHandler
                0x0000000008006dc4                TIM8_CC_IRQHandler
                0x0000000008006dc4                TIM1_CC_IRQHandler
                0x0000000008006dc4                DMA2_Stream5_IRQHandler
                0x0000000008006dc4                DMA1_Stream5_IRQHandler
                0x0000000008006dc4                PVD_IRQHandler
                0x0000000008006dc4                SDIO_IRQHandler
                0x0000000008006dc4                TAMP_STAMP_IRQHandler
                0x0000000008006dc4                CAN2_RX1_IRQHandler
                0x0000000008006dc4                EXTI3_IRQHandler
                0x0000000008006dc4                TIM8_TRG_COM_TIM14_IRQHandler
                0x0000000008006dc4                TIM1_UP_TIM10_IRQHandler
                0x0000000008006dc4                TIM8_UP_TIM13_IRQHandler
                0x0000000008006dc4                I2C3_ER_IRQHandler
                0x0000000008006dc4                EXTI0_IRQHandler
                0x0000000008006dc4                I2C2_EV_IRQHandler
                0x0000000008006dc4                DMA1_Stream2_IRQHandler
                0x0000000008006dc4                CAN1_RX0_IRQHandler
                0x0000000008006dc4                OTG_HS_WKUP_IRQHandler
                0x0000000008006dc4                CAN2_SCE_IRQHandler
                0x0000000008006dc4                DMA2_Stream2_IRQHandler
                0x0000000008006dc4                SPI1_IRQHandler
                0x0000000008006dc4                TIM6_DAC_IRQHandler
                0x0000000008006dc4                TIM1_BRK_TIM9_IRQHandler
                0x0000000008006dc4                CAN2_RX0_IRQHandler
                0x0000000008006dc4                DMA2_Stream3_IRQHandler
                0x0000000008006dc4                USART6_IRQHandler
                0x0000000008006dc4                USART3_IRQHandler
                0x0000000008006dc4                CAN1_RX1_IRQHandler
                0x0000000008006dc4                UART5_IRQHandler
                0x0000000008006dc4                DMA2_Stream0_IRQHandler
                0x0000000008006dc4                TIM4_IRQHandler
                0x0000000008006dc4                I2C1_EV_IRQHandler
                0x0000000008006dc4                DMA1_Stream6_IRQHandler
                0x0000000008006dc4                DMA1_Stream1_IRQHandler
                0x0000000008006dc4                UART4_IRQHandler
                0x0000000008006dc4                RCC_IRQHandler
                0x0000000008006dc4                TIM8_BRK_TIM12_IRQHandler
                0x0000000008006dc4                Default_Handler
                0x0000000008006dc4                EXTI15_10_IRQHandler
                0x0000000008006dc4                ADC_IRQHandler
                0x0000000008006dc4                DMA1_Stream7_IRQHandler
                0x0000000008006dc4                TIM7_IRQHandler
                0x0000000008006dc4                CAN2_TX_IRQHandler
                0x0000000008006dc4                TIM5_IRQHandler
                0x0000000008006dc4                DMA2_Stream7_IRQHandler
                0x0000000008006dc4                I2C3_EV_IRQHandler
                0x0000000008006dc4                EXTI9_5_IRQHandler
                0x0000000008006dc4                RTC_WKUP_IRQHandler
                0x0000000008006dc4                SPI2_IRQHandler
                0x0000000008006dc4                OTG_HS_EP1_IN_IRQHandler
                0x0000000008006dc4                DMA1_Stream0_IRQHandler
                0x0000000008006dc4                CAN1_TX_IRQHandler
                0x0000000008006dc4                EXTI4_IRQHandler
                0x0000000008006dc4                FSMC_IRQHandler
                0x0000000008006dc4                OTG_HS_EP1_OUT_IRQHandler
                0x0000000008006dc4                WWDG_IRQHandler
                0x0000000008006dc4                TIM2_IRQHandler
                0x0000000008006dc4                OTG_FS_WKUP_IRQHandler
                0x0000000008006dc4                TIM1_TRG_COM_TIM11_IRQHandler
                0x0000000008006dc4                OTG_HS_IRQHandler
                0x0000000008006dc4                USART2_IRQHandler
                0x0000000008006dc4                I2C2_ER_IRQHandler
                0x0000000008006dc4                DMA2_Stream1_IRQHandler
                0x0000000008006dc4                CAN1_SCE_IRQHandler
                0x0000000008006dc4                FLASH_IRQHandler
                0x0000000008006dc4                DMA2_Stream4_IRQHandler
                0x0000000008006dc4                USART1_IRQHandler
                0x0000000008006dc4                OTG_FS_IRQHandler
                0x0000000008006dc4                SPI3_IRQHandler
                0x0000000008006dc4                DMA1_Stream4_IRQHandler
                0x0000000008006dc4                I2C1_ER_IRQHandler
                0x0000000008006dc4                DMA2_Stream6_IRQHandler
                0x0000000008006dc4                DMA1_Stream3_IRQHandler
 *fill*         0x0000000008006dc6        0x2 
 .text.__errno  0x0000000008006dc8        0xc /home/rayan/Ac6/SystemWorkbench/plugins/fr.ac6.mcu.externaltools.arm-none.linux64_1.17.0.201812190825/tools/compiler/bin/../lib/gcc/arm-none-eabi/7.3.1/../../../../arm-none-eabi/lib/thumb/v7-m/libc_nano.a(lib_a-errno.o)
                0x0000000008006dc8                __errno
 .text.__libc_init_array
                0x0000000008006dd4       0x48 /home/rayan/Ac6/SystemWorkbench/plugins/fr.ac6.mcu.externaltools.arm-none.linux64_1.17.0.201812190825/tools/compiler/bin/../lib/gcc/arm-none-eabi/7.3.1/../../../../arm-none-eabi/lib/thumb/v7-m/libc_nano.a(lib_a-init.o)
                0x0000000008006dd4                __libc_init_array
 .text.memcpy   0x0000000008006e1c       0x16 /home/rayan/Ac6/SystemWorkbench/plugins/fr.ac6.mcu.externaltools.arm-none.linux64_1.17.0.201812190825/tools/compiler/bin/../lib/gcc/arm-none-eabi/7.3.1/../../../../arm-none-eabi/lib/thumb/v7-m/libc_nano.a(lib_a-memcpy-stub.o)
                0x0000000008006e1c                memcpy
 .text.memset   0x0000000008006e32       0x10 /home/rayan/Ac6/SystemWorkbench/plugins/fr.ac6.mcu.externaltools.arm-none.linux64_1.17.0.201812190825/tools/compiler/bin/../lib/gcc/arm-none-eabi/7.3.1/../../../../arm-none-eabi/lib/thumb/v7-m/libc_nano.a(lib_a-memset.o)
                0x0000000008006e32                memset
 *fill*         0x0000000008006e42        0x2 
 .text.sprintf  0x0000000008006e44       0x40 /home/rayan/Ac6/SystemWorkbench/plugins/fr.ac6.mcu.externaltools.arm-none.linux64_1.17.0.201812190825/tools/compiler/bin/../lib/gcc/arm-none-eabi/7.3.1/../../../../arm-none-eabi/lib/thumb/v7-m/libc_nano.a(lib_a-sprintf.o)
                0x0000000008006e44                sprintf
                0x0000000008006e44                siprintf
 .text.__ssputs_r
                0x0000000008006e84       0xb4 /home/rayan/Ac6/SystemWorkbench/plugins/fr.ac6.mcu.externaltools.arm-none.linux64_1.17.0.201812190825/tools/compiler/bin/../lib/gcc/arm-none-eabi/7.3.1/../../../../arm-none-eabi/lib/thumb/v7-m/libc_nano.a(lib_a-nano-svfprintf.o)
                0x0000000008006e84                __ssputs_r
 .text._svfprintf_r
                0x0000000008006f38      0x1f0 /home/rayan/Ac6/SystemWorkbench/plugins/fr.ac6.mcu.externaltools.arm-none.linux64_1.17.0.201812190825/tools/compiler/bin/../lib/gcc/arm-none-eabi/7.3.1/../../../../arm-none-eabi/lib/thumb/v7-m/libc_nano.a(lib_a-nano-svfprintf.o)
                0x0000000008006f38                _svfprintf_r
                0x0000000008006f38                _svfiprintf_r
 .text._printf_common
                0x0000000008007128       0xec /home/rayan/Ac6/SystemWorkbench/plugins/fr.ac6.mcu.externaltools.arm-none.linux64_1.17.0.201812190825/tools/compiler/bin/../lib/gcc/arm-none-eabi/7.3.1/../../../../arm-none-eabi/lib/thumb/v7-m/libc_nano.a(lib_a-nano-vfprintf_i.o)
                0x0000000008007128                _printf_common
 .text._printf_i
                0x0000000008007214      0x224 /home/rayan/Ac6/SystemWorkbench/plugins/fr.ac6.mcu.externaltools.arm-none.linux64_1.17.0.201812190825/tools/compiler/bin/../lib/gcc/arm-none-eabi/7.3.1/../../../../arm-none-eabi/lib/thumb/v7-m/libc_nano.a(lib_a-nano-vfprintf_i.o)
                0x0000000008007214                _printf_i
 .text.memchr   0x0000000008007438       0x1c /home/rayan/Ac6/SystemWorkbench/plugins/fr.ac6.mcu.externaltools.arm-none.linux64_1.17.0.201812190825/tools/compiler/bin/../lib/gcc/arm-none-eabi/7.3.1/../../../../arm-none-eabi/lib/thumb/v7-m/libc_nano.a(lib_a-memchr-stub.o)
                0x0000000008007438                memchr
 .text.memmove  0x0000000008007454       0x32 /home/rayan/Ac6/SystemWorkbench/plugins/fr.ac6.mcu.externaltools.arm-none.linux64_1.17.0.201812190825/tools/compiler/bin/../lib/gcc/arm-none-eabi/7.3.1/../../../../arm-none-eabi/lib/thumb/v7-m/libc_nano.a(lib_a-memmove.o)
                0x0000000008007454                memmove
 *fill*         0x0000000008007486        0x2 
 .text._free_r  0x0000000008007488       0x98 /home/rayan/Ac6/SystemWorkbench/plugins/fr.ac6.mcu.externaltools.arm-none.linux64_1.17.0.201812190825/tools/compiler/bin/../lib/gcc/arm-none-eabi/7.3.1/../../../../arm-none-eabi/lib/thumb/v7-m/libc_nano.a(lib_a-nano-freer.o)
                0x0000000008007488                _free_r
 .text._malloc_r
                0x0000000008007520       0xb4 /home/rayan/Ac6/SystemWorkbench/plugins/fr.ac6.mcu.externaltools.arm-none.linux64_1.17.0.201812190825/tools/compiler/bin/../lib/gcc/arm-none-eabi/7.3.1/../../../../arm-none-eabi/lib/thumb/v7-m/libc_nano.a(lib_a-nano-mallocr.o)
                0x0000000008007520                _malloc_r
 .text._realloc_r
                0x00000000080075d4       0x4c /home/rayan/Ac6/SystemWorkbench/plugins/fr.ac6.mcu.externaltools.arm-none.linux64_1.17.0.201812190825/tools/compiler/bin/../lib/gcc/arm-none-eabi/7.3.1/../../../../arm-none-eabi/lib/thumb/v7-m/libc_nano.a(lib_a-nano-reallocr.o)
                0x00000000080075d4                _realloc_r
 .text._sbrk_r  0x0000000008007620       0x20 /home/rayan/Ac6/SystemWorkbench/plugins/fr.ac6.mcu.externaltools.arm-none.linux64_1.17.0.201812190825/tools/compiler/bin/../lib/gcc/arm-none-eabi/7.3.1/../../../../arm-none-eabi/lib/thumb/v7-m/libc_nano.a(lib_a-sbrkr.o)
                0x0000000008007620                _sbrk_r
 .text.__malloc_lock
                0x0000000008007640        0x2 /home/rayan/Ac6/SystemWorkbench/plugins/fr.ac6.mcu.externaltools.arm-none.linux64_1.17.0.201812190825/tools/compiler/bin/../lib/gcc/arm-none-eabi/7.3.1/../../../../arm-none-eabi/lib/thumb/v7-m/libc_nano.a(lib_a-mlock.o)
                0x0000000008007640                __malloc_lock
 .text.__malloc_unlock
                0x0000000008007642        0x2 /home/rayan/Ac6/SystemWorkbench/plugins/fr.ac6.mcu.externaltools.arm-none.linux64_1.17.0.201812190825/tools/compiler/bin/../lib/gcc/arm-none-eabi/7.3.1/../../../../arm-none-eabi/lib/thumb/v7-m/libc_nano.a(lib_a-mlock.o)
                0x0000000008007642                __malloc_unlock
 .text._malloc_usable_size_r
                0x0000000008007644       0x10 /home/rayan/Ac6/SystemWorkbench/plugins/fr.ac6.mcu.externaltools.arm-none.linux64_1.17.0.201812190825/tools/compiler/bin/../lib/gcc/arm-none-eabi/7.3.1/../../../../arm-none-eabi/lib/thumb/v7-m/libc_nano.a(lib_a-nano-msizer.o)
                0x0000000008007644                _malloc_usable_size_r
 *(.glue_7)
 .glue_7        0x0000000008007654        0x0 linker stubs
 *(.glue_7t)
 .glue_7t       0x0000000008007654        0x0 linker stubs
 *(.eh_frame)
 .eh_frame      0x0000000008007654        0x0 /home/rayan/Ac6/SystemWorkbench/plugins/fr.ac6.mcu.externaltools.arm-none.linux64_1.17.0.201812190825/tools/compiler/bin/../lib/gcc/arm-none-eabi/7.3.1/thumb/v7-m/crtbegin.o
 *(.init)
 .init          0x0000000008007654        0x4 /home/rayan/Ac6/SystemWorkbench/plugins/fr.ac6.mcu.externaltools.arm-none.linux64_1.17.0.201812190825/tools/compiler/bin/../lib/gcc/arm-none-eabi/7.3.1/thumb/v7-m/crti.o
                0x0000000008007654                _init
 .init          0x0000000008007658        0x8 /home/rayan/Ac6/SystemWorkbench/plugins/fr.ac6.mcu.externaltools.arm-none.linux64_1.17.0.201812190825/tools/compiler/bin/../lib/gcc/arm-none-eabi/7.3.1/thumb/v7-m/crtn.o
 *(.fini)
 .fini          0x0000000008007660        0x4 /home/rayan/Ac6/SystemWorkbench/plugins/fr.ac6.mcu.externaltools.arm-none.linux64_1.17.0.201812190825/tools/compiler/bin/../lib/gcc/arm-none-eabi/7.3.1/thumb/v7-m/crti.o
                0x0000000008007660                _fini
 .fini          0x0000000008007664        0x8 /home/rayan/Ac6/SystemWorkbench/plugins/fr.ac6.mcu.externaltools.arm-none.linux64_1.17.0.201812190825/tools/compiler/bin/../lib/gcc/arm-none-eabi/7.3.1/thumb/v7-m/crtn.o
                0x000000000800766c                . = ALIGN (0x4)
                0x000000000800766c                _etext = .

.vfp11_veneer   0x000000000800766c        0x0
 .vfp11_veneer  0x000000000800766c        0x0 linker stubs

.v4_bx          0x000000000800766c        0x0
 .v4_bx         0x000000000800766c        0x0 linker stubs

.iplt           0x000000000800766c        0x0
 .iplt          0x000000000800766c        0x0 /home/rayan/Ac6/SystemWorkbench/plugins/fr.ac6.mcu.externaltools.arm-none.linux64_1.17.0.201812190825/tools/compiler/bin/../lib/gcc/arm-none-eabi/7.3.1/thumb/v7-m/crtbegin.o

.rodata         0x000000000800766c      0x250
                0x000000000800766c                . = ALIGN (0x4)
 *(.rodata)
 .rodata        0x000000000800766c        0x2 Drivers/enc28j60/Src/enc28j60.o
 *fill*         0x000000000800766e        0x2 
 .rodata        0x0000000008007670      0x18e Drivers/si4463/Src/si4463.o
 *fill*         0x00000000080077fe        0x2 
 .rodata        0x0000000008007800        0x5 Middlewares/Third_Party/FreeRTOS/Source/tasks.o
 *fill*         0x0000000008007805        0x3 
 .rodata        0x0000000008007808       0x50 Src/freertos.o
 .rodata        0x0000000008007858       0x17 Src/main.o
 *fill*         0x000000000800786f        0x1 
 .rodata        0x0000000008007870       0x18 Src/system_stm32f2xx.o
                0x0000000008007870                AHBPrescTable
                0x0000000008007880                APBPrescTable
 *(.rodata*)
 .rodata._svfprintf_r.str1.1
                0x0000000008007888       0x11 /home/rayan/Ac6/SystemWorkbench/plugins/fr.ac6.mcu.externaltools.arm-none.linux64_1.17.0.201812190825/tools/compiler/bin/../lib/gcc/arm-none-eabi/7.3.1/../../../../arm-none-eabi/lib/thumb/v7-m/libc_nano.a(lib_a-nano-svfprintf.o)
 .rodata._printf_i.str1.1
                0x0000000008007899       0x22 /home/rayan/Ac6/SystemWorkbench/plugins/fr.ac6.mcu.externaltools.arm-none.linux64_1.17.0.201812190825/tools/compiler/bin/../lib/gcc/arm-none-eabi/7.3.1/../../../../arm-none-eabi/lib/thumb/v7-m/libc_nano.a(lib_a-nano-vfprintf_i.o)
                0x00000000080078bc                . = ALIGN (0x4)
 *fill*         0x00000000080078bb        0x1 

.ARM.extab
 *(.ARM.extab* .gnu.linkonce.armextab.*)

.ARM            0x00000000080078bc        0x8
                0x00000000080078bc                __exidx_start = .
 *(.ARM.exidx*)
 .ARM.exidx     0x00000000080078bc        0x8 /home/rayan/Ac6/SystemWorkbench/plugins/fr.ac6.mcu.externaltools.arm-none.linux64_1.17.0.201812190825/tools/compiler/bin/../lib/gcc/arm-none-eabi/7.3.1/thumb/v7-m/libgcc.a(_udivmoddi4.o)
                0x00000000080078c4                __exidx_end = .

.rel.dyn        0x00000000080078c4        0x0
 .rel.iplt      0x00000000080078c4        0x0 /home/rayan/Ac6/SystemWorkbench/plugins/fr.ac6.mcu.externaltools.arm-none.linux64_1.17.0.201812190825/tools/compiler/bin/../lib/gcc/arm-none-eabi/7.3.1/thumb/v7-m/crtbegin.o

.preinit_array  0x00000000080078c4        0x0
                0x00000000080078c4                PROVIDE (__preinit_array_start = .)
 *(.preinit_array*)
                0x00000000080078c4                PROVIDE (__preinit_array_end = .)

.init_array     0x00000000080078c4        0x4
                0x00000000080078c4                PROVIDE (__init_array_start = .)
 *(SORT_BY_NAME(.init_array.*))
 *(.init_array*)
 .init_array    0x00000000080078c4        0x4 /home/rayan/Ac6/SystemWorkbench/plugins/fr.ac6.mcu.externaltools.arm-none.linux64_1.17.0.201812190825/tools/compiler/bin/../lib/gcc/arm-none-eabi/7.3.1/thumb/v7-m/crtbegin.o
                0x00000000080078c8                PROVIDE (__init_array_end = .)

.fini_array     0x00000000080078c8        0x4
                [!provide]                        PROVIDE (__fini_array_start = .)
 *(SORT_BY_NAME(.fini_array.*))
 *(.fini_array*)
 .fini_array    0x00000000080078c8        0x4 /home/rayan/Ac6/SystemWorkbench/plugins/fr.ac6.mcu.externaltools.arm-none.linux64_1.17.0.201812190825/tools/compiler/bin/../lib/gcc/arm-none-eabi/7.3.1/thumb/v7-m/crtbegin.o
                [!provide]                        PROVIDE (__fini_array_end = .)
                0x00000000080078cc                _sidata = LOADADDR (.data)

.data           0x0000000020000000       0x88 load address 0x00000000080078cc
                0x0000000020000000                . = ALIGN (0x4)
                0x0000000020000000                _sdata = .
 *(.data)
 .data          0x0000000020000000        0x5 Drivers/STM32F2xx_HAL_Driver/Src/stm32f2xx_hal.o
                0x0000000020000000                uwTickPrio
                0x0000000020000004                uwTickFreq
 *fill*         0x0000000020000005        0x3 
 .data          0x0000000020000008       0x14 Drivers/enc28j60/Src/lan.o
                0x0000000020000008                mac_addr
                0x0000000020000010                ip_addr
                0x0000000020000014                ip_mask
                0x0000000020000018                ip_gateway
 .data          0x000000002000001c        0x4 Middlewares/Third_Party/FreeRTOS/Source/portable/GCC/ARM_CM3/port.o
 .data          0x0000000020000020        0x4 Src/system_stm32f2xx.o
                0x0000000020000020                SystemCoreClock
 *(.data*)
 .data._impure_ptr
                0x0000000020000024        0x4 /home/rayan/Ac6/SystemWorkbench/plugins/fr.ac6.mcu.externaltools.arm-none.linux64_1.17.0.201812190825/tools/compiler/bin/../lib/gcc/arm-none-eabi/7.3.1/../../../../arm-none-eabi/lib/thumb/v7-m/libc_nano.a(lib_a-impure.o)
                0x0000000020000024                _impure_ptr
 .data.impure_data
                0x0000000020000028       0x60 /home/rayan/Ac6/SystemWorkbench/plugins/fr.ac6.mcu.externaltools.arm-none.linux64_1.17.0.201812190825/tools/compiler/bin/../lib/gcc/arm-none-eabi/7.3.1/../../../../arm-none-eabi/lib/thumb/v7-m/libc_nano.a(lib_a-impure.o)
                0x0000000020000088                . = ALIGN (0x4)
                0x0000000020000088                _edata = .

.igot.plt       0x0000000020000088        0x0 load address 0x0000000008007954
 .igot.plt      0x0000000020000088        0x0 /home/rayan/Ac6/SystemWorkbench/plugins/fr.ac6.mcu.externaltools.arm-none.linux64_1.17.0.201812190825/tools/compiler/bin/../lib/gcc/arm-none-eabi/7.3.1/thumb/v7-m/crtbegin.o
                0x0000000020000088                . = ALIGN (0x4)

.bss            0x0000000020000088     0x482c load address 0x0000000008007954
                0x0000000020000088                _sbss = .
                0x0000000020000088                __bss_start__ = _sbss
 *(.bss)
 .bss           0x0000000020000088       0x1c /home/rayan/Ac6/SystemWorkbench/plugins/fr.ac6.mcu.externaltools.arm-none.linux64_1.17.0.201812190825/tools/compiler/bin/../lib/gcc/arm-none-eabi/7.3.1/thumb/v7-m/crtbegin.o
 .bss           0x00000000200000a4        0x8 Drivers/Delay_DWT/Src/delay_dwt.o
 .bss           0x00000000200000ac        0x4 Drivers/enc28j60/Src/enc28j60.o
                0x00000000200000ac                enc28j60_current_bank
                0x00000000200000ae                enc28j60_rxrdpt
 .bss           0x00000000200000b0      0x12c Middlewares/Third_Party/FreeRTOS/Source/tasks.o
                0x00000000200000b0                pxCurrentTCB
 .bss           0x00000000200001dc        0x8 Middlewares/Third_Party/FreeRTOS/Source/portable/GCC/ARM_CM3/port.o
 .bss           0x00000000200001e4     0x3c18 Middlewares/Third_Party/FreeRTOS/Source/portable/MemMang/heap_4.o
 .bss           0x0000000020003dfc      0x254 Src/freertos.o
 .bss           0x0000000020004050       0x14 Src/main.o
                0x0000000020004050                curr_rssi
                0x0000000020004052                check_module_flag
                0x0000000020004054                length_packet
                0x0000000020004058                c_temp
                0x000000002000405c                v_bat
                0x0000000020004060                ADC_Val
 .bss           0x0000000020004064        0x8 Src/syscalls.o
                0x0000000020004064                __env
 *(.bss*)
 .bss.__malloc_free_list
                0x000000002000406c        0x4 /home/rayan/Ac6/SystemWorkbench/plugins/fr.ac6.mcu.externaltools.arm-none.linux64_1.17.0.201812190825/tools/compiler/bin/../lib/gcc/arm-none-eabi/7.3.1/../../../../arm-none-eabi/lib/thumb/v7-m/libc_nano.a(lib_a-nano-mallocr.o)
                0x000000002000406c                __malloc_free_list
 .bss.__malloc_sbrk_start
                0x0000000020004070        0x4 /home/rayan/Ac6/SystemWorkbench/plugins/fr.ac6.mcu.externaltools.arm-none.linux64_1.17.0.201812190825/tools/compiler/bin/../lib/gcc/arm-none-eabi/7.3.1/../../../../arm-none-eabi/lib/thumb/v7-m/libc_nano.a(lib_a-nano-mallocr.o)
                0x0000000020004070                __malloc_sbrk_start
 *(COMMON)
 COMMON         0x0000000020004074        0x4 Drivers/STM32F2xx_HAL_Driver/Src/stm32f2xx_hal.o
                0x0000000020004074                uwTick
 COMMON         0x0000000020004078        0x2 Drivers/enc28j60/Src/enc28j60.o
                0x0000000020004078                BuffPos
                0x0000000020004079                flagModemCmd
 *fill*         0x000000002000407a        0x2 
 COMMON         0x000000002000407c      0x222 Drivers/enc28j60/Src/lan.o
                0x000000002000407c                arp_cache_wr
                0x0000000020004080                net_buf
                0x0000000020004280                arp_cache
 *fill*         0x000000002000429e        0x2 
 COMMON         0x00000000200042a0       0x48 Src/adc.o
                0x00000000200042a0                hadc1
 COMMON         0x00000000200042e8       0x98 Src/freertos.o
                0x00000000200042e8                defaultTaskHandle
                0x00000000200042ec                outgoingBuffer
                0x000000002000432c                si4463
                0x000000002000436c                Task_UdpTxHandle
                0x0000000020004370                hrng
 COMMON         0x0000000020004380      0x440 Src/main.o
                0x0000000020004380                incomingBuffer
                0x00000000200043c0                send_buf
                0x00000000200045c0                send_buf2
 COMMON         0x00000000200047c0       0xb0 Src/spi.o
                0x00000000200047c0                hspi3
                0x0000000020004818                hspi1
 COMMON         0x0000000020004870       0x40 Src/stm32f2xx_hal_timebase_tim.o
                0x0000000020004870                htim3
 COMMON         0x00000000200048b0        0x4 /home/rayan/Ac6/SystemWorkbench/plugins/fr.ac6.mcu.externaltools.arm-none.linux64_1.17.0.201812190825/tools/compiler/bin/../lib/gcc/arm-none-eabi/7.3.1/../../../../arm-none-eabi/lib/thumb/v7-m/libc_nano.a(lib_a-reent.o)
                0x00000000200048b0                errno
                0x00000000200048b4                . = ALIGN (0x4)
                0x00000000200048b4                _ebss = .
                0x00000000200048b4                __bss_end__ = _ebss

._user_heap_stack
                0x00000000200048b4      0x604 load address 0x0000000008007954
                0x00000000200048b8                . = ALIGN (0x8)
 *fill*         0x00000000200048b4        0x4 
                0x00000000200048b8                PROVIDE (end = .)
                [!provide]                        PROVIDE (_end = .)
                0x0000000020004ab8                . = (. + _Min_Heap_Size)
 *fill*         0x00000000200048b8      0x200 
                0x0000000020004eb8                . = (. + _Min_Stack_Size)
 *fill*         0x0000000020004ab8      0x400 
                0x0000000020004eb8                . = ALIGN (0x8)

/DISCARD/
 libc.a(*)
 libm.a(*)
 libgcc.a(*)

.ARM.attributes
                0x0000000000000000       0x29
 *(.ARM.attributes)
 .ARM.attributes
                0x0000000000000000       0x1d /home/rayan/Ac6/SystemWorkbench/plugins/fr.ac6.mcu.externaltools.arm-none.linux64_1.17.0.201812190825/tools/compiler/bin/../lib/gcc/arm-none-eabi/7.3.1/thumb/v7-m/crti.o
 .ARM.attributes
                0x000000000000001d       0x2d /home/rayan/Ac6/SystemWorkbench/plugins/fr.ac6.mcu.externaltools.arm-none.linux64_1.17.0.201812190825/tools/compiler/bin/../lib/gcc/arm-none-eabi/7.3.1/thumb/v7-m/crtbegin.o
 .ARM.attributes
                0x000000000000004a       0x33 Drivers/Delay_DWT/Src/delay_dwt.o
 .ARM.attributes
                0x000000000000007d       0x33 Drivers/STM32F2xx_HAL_Driver/Src/stm32f2xx_hal.o
 .ARM.attributes
                0x00000000000000b0       0x33 Drivers/STM32F2xx_HAL_Driver/Src/stm32f2xx_hal_adc.o
 .ARM.attributes
                0x00000000000000e3       0x33 Drivers/STM32F2xx_HAL_Driver/Src/stm32f2xx_hal_cortex.o
 .ARM.attributes
                0x0000000000000116       0x33 Drivers/STM32F2xx_HAL_Driver/Src/stm32f2xx_hal_gpio.o
 .ARM.attributes
                0x0000000000000149       0x33 Drivers/STM32F2xx_HAL_Driver/Src/stm32f2xx_hal_rcc.o
 .ARM.attributes
                0x000000000000017c       0x33 Drivers/STM32F2xx_HAL_Driver/Src/stm32f2xx_hal_rng.o
 .ARM.attributes
                0x00000000000001af       0x33 Drivers/STM32F2xx_HAL_Driver/Src/stm32f2xx_hal_spi.o
 .ARM.attributes
                0x00000000000001e2       0x33 Drivers/STM32F2xx_HAL_Driver/Src/stm32f2xx_hal_tim.o
 .ARM.attributes
                0x0000000000000215       0x33 Drivers/STM32F2xx_HAL_Driver/Src/stm32f2xx_hal_tim_ex.o
 .ARM.attributes
                0x0000000000000248       0x33 Drivers/enc28j60/Src/enc28j60.o
 .ARM.attributes
                0x000000000000027b       0x33 Drivers/enc28j60/Src/lan.o
 .ARM.attributes
                0x00000000000002ae       0x33 Drivers/si4463/Src/si4463.o
 .ARM.attributes
                0x00000000000002e1       0x33 Middlewares/Third_Party/FreeRTOS/Source/CMSIS_RTOS/cmsis_os.o
 .ARM.attributes
                0x0000000000000314       0x33 Middlewares/Third_Party/FreeRTOS/Source/list.o
 .ARM.attributes
                0x0000000000000347       0x33 Middlewares/Third_Party/FreeRTOS/Source/tasks.o
 .ARM.attributes
                0x000000000000037a       0x33 Middlewares/Third_Party/FreeRTOS/Source/portable/GCC/ARM_CM3/port.o
 .ARM.attributes
                0x00000000000003ad       0x33 Middlewares/Third_Party/FreeRTOS/Source/portable/MemMang/heap_4.o
 .ARM.attributes
                0x00000000000003e0       0x33 Src/adc.o
 .ARM.attributes
                0x0000000000000413       0x33 Src/freertos.o
 .ARM.attributes
                0x0000000000000446       0x33 Src/gpio.o
 .ARM.attributes
                0x0000000000000479       0x33 Src/main.o
 .ARM.attributes
                0x00000000000004ac       0x33 Src/rng.o
 .ARM.attributes
                0x00000000000004df       0x33 Src/spi.o
 .ARM.attributes
                0x0000000000000512       0x33 Src/stm32f2xx_hal_msp.o
 .ARM.attributes
                0x0000000000000545       0x33 Src/stm32f2xx_hal_timebase_tim.o
 .ARM.attributes
                0x0000000000000578       0x33 Src/stm32f2xx_it.o
 .ARM.attributes
                0x00000000000005ab       0x33 Src/syscalls.o
 .ARM.attributes
                0x00000000000005de       0x33 Src/system_stm32f2xx.o
 .ARM.attributes
                0x0000000000000611       0x21 startup/startup_stm32f205xx.o
 .ARM.attributes
                0x0000000000000632       0x1d /home/rayan/Ac6/SystemWorkbench/plugins/fr.ac6.mcu.externaltools.arm-none.linux64_1.17.0.201812190825/tools/compiler/bin/../lib/gcc/arm-none-eabi/7.3.1/thumb/v7-m/libgcc.a(_aeabi_uldivmod.o)
 .ARM.attributes
                0x000000000000064f       0x2d /home/rayan/Ac6/SystemWorkbench/plugins/fr.ac6.mcu.externaltools.arm-none.linux64_1.17.0.201812190825/tools/compiler/bin/../lib/gcc/arm-none-eabi/7.3.1/thumb/v7-m/libgcc.a(_udivmoddi4.o)
 .ARM.attributes
                0x000000000000067c       0x1d /home/rayan/Ac6/SystemWorkbench/plugins/fr.ac6.mcu.externaltools.arm-none.linux64_1.17.0.201812190825/tools/compiler/bin/../lib/gcc/arm-none-eabi/7.3.1/thumb/v7-m/libgcc.a(_dvmd_tls.o)
 .ARM.attributes
                0x0000000000000699       0x2d /home/rayan/Ac6/SystemWorkbench/plugins/fr.ac6.mcu.externaltools.arm-none.linux64_1.17.0.201812190825/tools/compiler/bin/../lib/gcc/arm-none-eabi/7.3.1/../../../../arm-none-eabi/lib/thumb/v7-m/libc_nano.a(lib_a-errno.o)
 .ARM.attributes
                0x00000000000006c6       0x2d /home/rayan/Ac6/SystemWorkbench/plugins/fr.ac6.mcu.externaltools.arm-none.linux64_1.17.0.201812190825/tools/compiler/bin/../lib/gcc/arm-none-eabi/7.3.1/../../../../arm-none-eabi/lib/thumb/v7-m/libc_nano.a(lib_a-impure.o)
 .ARM.attributes
                0x00000000000006f3       0x2d /home/rayan/Ac6/SystemWorkbench/plugins/fr.ac6.mcu.externaltools.arm-none.linux64_1.17.0.201812190825/tools/compiler/bin/../lib/gcc/arm-none-eabi/7.3.1/../../../../arm-none-eabi/lib/thumb/v7-m/libc_nano.a(lib_a-init.o)
 .ARM.attributes
                0x0000000000000720       0x2d /home/rayan/Ac6/SystemWorkbench/plugins/fr.ac6.mcu.externaltools.arm-none.linux64_1.17.0.201812190825/tools/compiler/bin/../lib/gcc/arm-none-eabi/7.3.1/../../../../arm-none-eabi/lib/thumb/v7-m/libc_nano.a(lib_a-memcpy-stub.o)
 .ARM.attributes
                0x000000000000074d       0x2d /home/rayan/Ac6/SystemWorkbench/plugins/fr.ac6.mcu.externaltools.arm-none.linux64_1.17.0.201812190825/tools/compiler/bin/../lib/gcc/arm-none-eabi/7.3.1/../../../../arm-none-eabi/lib/thumb/v7-m/libc_nano.a(lib_a-memset.o)
 .ARM.attributes
                0x000000000000077a       0x2d /home/rayan/Ac6/SystemWorkbench/plugins/fr.ac6.mcu.externaltools.arm-none.linux64_1.17.0.201812190825/tools/compiler/bin/../lib/gcc/arm-none-eabi/7.3.1/../../../../arm-none-eabi/lib/thumb/v7-m/libc_nano.a(lib_a-sprintf.o)
 .ARM.attributes
                0x00000000000007a7       0x2d /home/rayan/Ac6/SystemWorkbench/plugins/fr.ac6.mcu.externaltools.arm-none.linux64_1.17.0.201812190825/tools/compiler/bin/../lib/gcc/arm-none-eabi/7.3.1/../../../../arm-none-eabi/lib/thumb/v7-m/libc_nano.a(lib_a-nano-svfprintf.o)
 .ARM.attributes
                0x00000000000007d4       0x2d /home/rayan/Ac6/SystemWorkbench/plugins/fr.ac6.mcu.externaltools.arm-none.linux64_1.17.0.201812190825/tools/compiler/bin/../lib/gcc/arm-none-eabi/7.3.1/../../../../arm-none-eabi/lib/thumb/v7-m/libc_nano.a(lib_a-nano-vfprintf_i.o)
 .ARM.attributes
                0x0000000000000801       0x2d /home/rayan/Ac6/SystemWorkbench/plugins/fr.ac6.mcu.externaltools.arm-none.linux64_1.17.0.201812190825/tools/compiler/bin/../lib/gcc/arm-none-eabi/7.3.1/../../../../arm-none-eabi/lib/thumb/v7-m/libc_nano.a(lib_a-memchr-stub.o)
 .ARM.attributes
                0x000000000000082e       0x2d /home/rayan/Ac6/SystemWorkbench/plugins/fr.ac6.mcu.externaltools.arm-none.linux64_1.17.0.201812190825/tools/compiler/bin/../lib/gcc/arm-none-eabi/7.3.1/../../../../arm-none-eabi/lib/thumb/v7-m/libc_nano.a(lib_a-memmove.o)
 .ARM.attributes
                0x000000000000085b       0x2d /home/rayan/Ac6/SystemWorkbench/plugins/fr.ac6.mcu.externaltools.arm-none.linux64_1.17.0.201812190825/tools/compiler/bin/../lib/gcc/arm-none-eabi/7.3.1/../../../../arm-none-eabi/lib/thumb/v7-m/libc_nano.a(lib_a-nano-freer.o)
 .ARM.attributes
                0x0000000000000888       0x2d /home/rayan/Ac6/SystemWorkbench/plugins/fr.ac6.mcu.externaltools.arm-none.linux64_1.17.0.201812190825/tools/compiler/bin/../lib/gcc/arm-none-eabi/7.3.1/../../../../arm-none-eabi/lib/thumb/v7-m/libc_nano.a(lib_a-nano-mallocr.o)
 .ARM.attributes
                0x00000000000008b5       0x2d /home/rayan/Ac6/SystemWorkbench/plugins/fr.ac6.mcu.externaltools.arm-none.linux64_1.17.0.201812190825/tools/compiler/bin/../lib/gcc/arm-none-eabi/7.3.1/../../../../arm-none-eabi/lib/thumb/v7-m/libc_nano.a(lib_a-nano-reallocr.o)
 .ARM.attributes
                0x00000000000008e2       0x2d /home/rayan/Ac6/SystemWorkbench/plugins/fr.ac6.mcu.externaltools.arm-none.linux64_1.17.0.201812190825/tools/compiler/bin/../lib/gcc/arm-none-eabi/7.3.1/../../../../arm-none-eabi/lib/thumb/v7-m/libc_nano.a(lib_a-sbrkr.o)
 .ARM.attributes
                0x000000000000090f       0x2d /home/rayan/Ac6/SystemWorkbench/plugins/fr.ac6.mcu.externaltools.arm-none.linux64_1.17.0.201812190825/tools/compiler/bin/../lib/gcc/arm-none-eabi/7.3.1/../../../../arm-none-eabi/lib/thumb/v7-m/libc_nano.a(lib_a-mlock.o)
 .ARM.attributes
                0x000000000000093c       0x2d /home/rayan/Ac6/SystemWorkbench/plugins/fr.ac6.mcu.externaltools.arm-none.linux64_1.17.0.201812190825/tools/compiler/bin/../lib/gcc/arm-none-eabi/7.3.1/../../../../arm-none-eabi/lib/thumb/v7-m/libc_nano.a(lib_a-nano-msizer.o)
 .ARM.attributes
                0x0000000000000969       0x2d /home/rayan/Ac6/SystemWorkbench/plugins/fr.ac6.mcu.externaltools.arm-none.linux64_1.17.0.201812190825/tools/compiler/bin/../lib/gcc/arm-none-eabi/7.3.1/../../../../arm-none-eabi/lib/thumb/v7-m/libc_nano.a(lib_a-reent.o)
 .ARM.attributes
                0x0000000000000996       0x1d /home/rayan/Ac6/SystemWorkbench/plugins/fr.ac6.mcu.externaltools.arm-none.linux64_1.17.0.201812190825/tools/compiler/bin/../lib/gcc/arm-none-eabi/7.3.1/thumb/v7-m/crtn.o
OUTPUT(modem_rf+lan.elf elf32-littlearm)

.debug_info     0x0000000000000000    0x1b5eb
 .debug_info    0x0000000000000000      0x542 Drivers/Delay_DWT/Src/delay_dwt.o
 .debug_info    0x0000000000000542      0x99d Drivers/STM32F2xx_HAL_Driver/Src/stm32f2xx_hal.o
 .debug_info    0x0000000000000edf      0xce7 Drivers/STM32F2xx_HAL_Driver/Src/stm32f2xx_hal_adc.o
 .debug_info    0x0000000000001bc6      0xe16 Drivers/STM32F2xx_HAL_Driver/Src/stm32f2xx_hal_cortex.o
 .debug_info    0x00000000000029dc      0x77e Drivers/STM32F2xx_HAL_Driver/Src/stm32f2xx_hal_gpio.o
 .debug_info    0x000000000000315a      0xb71 Drivers/STM32F2xx_HAL_Driver/Src/stm32f2xx_hal_rcc.o
 .debug_info    0x0000000000003ccb      0x552 Drivers/STM32F2xx_HAL_Driver/Src/stm32f2xx_hal_rng.o
 .debug_info    0x000000000000421d     0x162b Drivers/STM32F2xx_HAL_Driver/Src/stm32f2xx_hal_spi.o
 .debug_info    0x0000000000005848     0x24a9 Drivers/STM32F2xx_HAL_Driver/Src/stm32f2xx_hal_tim.o
 .debug_info    0x0000000000007cf1     0x1157 Drivers/STM32F2xx_HAL_Driver/Src/stm32f2xx_hal_tim_ex.o
 .debug_info    0x0000000000008e48      0xbc1 Drivers/enc28j60/Src/enc28j60.o
 .debug_info    0x0000000000009a09     0x11e6 Drivers/enc28j60/Src/lan.o
 .debug_info    0x000000000000abef     0x20fb Drivers/si4463/Src/si4463.o
 .debug_info    0x000000000000ccea     0x1e6d Middlewares/Third_Party/FreeRTOS/Source/CMSIS_RTOS/cmsis_os.o
 .debug_info    0x000000000000eb57      0xad5 Middlewares/Third_Party/FreeRTOS/Source/list.o
 .debug_info    0x000000000000f62c     0x244c Middlewares/Third_Party/FreeRTOS/Source/tasks.o
 .debug_info    0x0000000000011a78      0x4d2 Middlewares/Third_Party/FreeRTOS/Source/portable/GCC/ARM_CM3/port.o
 .debug_info    0x0000000000011f4a      0xbfa Middlewares/Third_Party/FreeRTOS/Source/portable/MemMang/heap_4.o
 .debug_info    0x0000000000012b44      0xaed Src/adc.o
 .debug_info    0x0000000000013631     0x1887 Src/freertos.o
 .debug_info    0x0000000000014eb8      0x7cc Src/gpio.o
 .debug_info    0x0000000000015684     0x211c Src/main.o
 .debug_info    0x00000000000177a0      0x598 Src/rng.o
 .debug_info    0x0000000000017d38      0xaee Src/spi.o
 .debug_info    0x0000000000018826      0x64a Src/stm32f2xx_hal_msp.o
 .debug_info    0x0000000000018e70      0xb1b Src/stm32f2xx_hal_timebase_tim.o
 .debug_info    0x000000000001998b      0x7bc Src/stm32f2xx_it.o
 .debug_info    0x000000000001a147      0xf2e Src/syscalls.o
 .debug_info    0x000000000001b075      0x554 Src/system_stm32f2xx.o
 .debug_info    0x000000000001b5c9       0x22 startup/startup_stm32f205xx.o

.debug_abbrev   0x0000000000000000     0x400c
 .debug_abbrev  0x0000000000000000      0x16c Drivers/Delay_DWT/Src/delay_dwt.o
 .debug_abbrev  0x000000000000016c      0x236 Drivers/STM32F2xx_HAL_Driver/Src/stm32f2xx_hal.o
 .debug_abbrev  0x00000000000003a2      0x240 Drivers/STM32F2xx_HAL_Driver/Src/stm32f2xx_hal_adc.o
 .debug_abbrev  0x00000000000005e2      0x2fa Drivers/STM32F2xx_HAL_Driver/Src/stm32f2xx_hal_cortex.o
 .debug_abbrev  0x00000000000008dc      0x1c0 Drivers/STM32F2xx_HAL_Driver/Src/stm32f2xx_hal_gpio.o
 .debug_abbrev  0x0000000000000a9c      0x25f Drivers/STM32F2xx_HAL_Driver/Src/stm32f2xx_hal_rcc.o
 .debug_abbrev  0x0000000000000cfb      0x1bc Drivers/STM32F2xx_HAL_Driver/Src/stm32f2xx_hal_rng.o
 .debug_abbrev  0x0000000000000eb7      0x240 Drivers/STM32F2xx_HAL_Driver/Src/stm32f2xx_hal_spi.o
 .debug_abbrev  0x00000000000010f7      0x230 Drivers/STM32F2xx_HAL_Driver/Src/stm32f2xx_hal_tim.o
 .debug_abbrev  0x0000000000001327      0x21e Drivers/STM32F2xx_HAL_Driver/Src/stm32f2xx_hal_tim_ex.o
 .debug_abbrev  0x0000000000001545      0x21e Drivers/enc28j60/Src/enc28j60.o
 .debug_abbrev  0x0000000000001763      0x350 Drivers/enc28j60/Src/lan.o
 .debug_abbrev  0x0000000000001ab3      0x2f7 Drivers/si4463/Src/si4463.o
 .debug_abbrev  0x0000000000001daa      0x397 Middlewares/Third_Party/FreeRTOS/Source/CMSIS_RTOS/cmsis_os.o
 .debug_abbrev  0x0000000000002141      0x205 Middlewares/Third_Party/FreeRTOS/Source/list.o
 .debug_abbrev  0x0000000000002346      0x36e Middlewares/Third_Party/FreeRTOS/Source/tasks.o
 .debug_abbrev  0x00000000000026b4      0x205 Middlewares/Third_Party/FreeRTOS/Source/portable/GCC/ARM_CM3/port.o
 .debug_abbrev  0x00000000000028b9      0x2d4 Middlewares/Third_Party/FreeRTOS/Source/portable/MemMang/heap_4.o
 .debug_abbrev  0x0000000000002b8d      0x1e8 Src/adc.o
 .debug_abbrev  0x0000000000002d75      0x282 Src/freertos.o
 .debug_abbrev  0x0000000000002ff7      0x161 Src/gpio.o
 .debug_abbrev  0x0000000000003158      0x342 Src/main.o
 .debug_abbrev  0x000000000000349a      0x17d Src/rng.o
 .debug_abbrev  0x0000000000003617      0x1bd Src/spi.o
 .debug_abbrev  0x00000000000037d4      0x136 Src/stm32f2xx_hal_msp.o
 .debug_abbrev  0x000000000000390a      0x19d Src/stm32f2xx_hal_timebase_tim.o
 .debug_abbrev  0x0000000000003aa7      0x17e Src/stm32f2xx_it.o
 .debug_abbrev  0x0000000000003c25      0x2aa Src/syscalls.o
 .debug_abbrev  0x0000000000003ecf      0x12b Src/system_stm32f2xx.o
 .debug_abbrev  0x0000000000003ffa       0x12 startup/startup_stm32f205xx.o

.debug_aranges  0x0000000000000000     0x1638
 .debug_aranges
                0x0000000000000000       0x78 Drivers/Delay_DWT/Src/delay_dwt.o
 .debug_aranges
                0x0000000000000078       0xf0 Drivers/STM32F2xx_HAL_Driver/Src/stm32f2xx_hal.o
 .debug_aranges
                0x0000000000000168       0xe8 Drivers/STM32F2xx_HAL_Driver/Src/stm32f2xx_hal_adc.o
 .debug_aranges
                0x0000000000000250      0x118 Drivers/STM32F2xx_HAL_Driver/Src/stm32f2xx_hal_cortex.o
 .debug_aranges
                0x0000000000000368       0x58 Drivers/STM32F2xx_HAL_Driver/Src/stm32f2xx_hal_gpio.o
 .debug_aranges
                0x00000000000003c0       0x88 Drivers/STM32F2xx_HAL_Driver/Src/stm32f2xx_hal_rcc.o
 .debug_aranges
                0x0000000000000448       0x88 Drivers/STM32F2xx_HAL_Driver/Src/stm32f2xx_hal_rng.o
 .debug_aranges
                0x00000000000004d0      0x1d0 Drivers/STM32F2xx_HAL_Driver/Src/stm32f2xx_hal_spi.o
 .debug_aranges
                0x00000000000006a0      0x3a8 Drivers/STM32F2xx_HAL_Driver/Src/stm32f2xx_hal_tim.o
 .debug_aranges
                0x0000000000000a48      0x150 Drivers/STM32F2xx_HAL_Driver/Src/stm32f2xx_hal_tim_ex.o
 .debug_aranges
                0x0000000000000b98       0xb8 Drivers/enc28j60/Src/enc28j60.o
 .debug_aranges
                0x0000000000000c50       0xa0 Drivers/enc28j60/Src/lan.o
 .debug_aranges
                0x0000000000000cf0      0x180 Drivers/si4463/Src/si4463.o
 .debug_aranges
                0x0000000000000e70      0x1d8 Middlewares/Third_Party/FreeRTOS/Source/CMSIS_RTOS/cmsis_os.o
 .debug_aranges
                0x0000000000001048       0x40 Middlewares/Third_Party/FreeRTOS/Source/list.o
 .debug_aranges
                0x0000000000001088      0x1a8 Middlewares/Third_Party/FreeRTOS/Source/tasks.o
 .debug_aranges
                0x0000000000001230       0x78 Middlewares/Third_Party/FreeRTOS/Source/portable/GCC/ARM_CM3/port.o
 .debug_aranges
                0x00000000000012a8       0x50 Middlewares/Third_Party/FreeRTOS/Source/portable/MemMang/heap_4.o
 .debug_aranges
                0x00000000000012f8       0x38 Src/adc.o
 .debug_aranges
                0x0000000000001330       0x40 Src/freertos.o
 .debug_aranges
                0x0000000000001370       0x20 Src/gpio.o
 .debug_aranges
                0x0000000000001390       0x98 Src/main.o
 .debug_aranges
                0x0000000000001428       0x30 Src/rng.o
 .debug_aranges
                0x0000000000001458       0x38 Src/spi.o
 .debug_aranges
                0x0000000000001490       0x20 Src/stm32f2xx_hal_msp.o
 .debug_aranges
                0x00000000000014b0       0x30 Src/stm32f2xx_hal_timebase_tim.o
 .debug_aranges
                0x00000000000014e0       0x58 Src/stm32f2xx_it.o
 .debug_aranges
                0x0000000000001538       0xb0 Src/syscalls.o
 .debug_aranges
                0x00000000000015e8       0x28 Src/system_stm32f2xx.o
 .debug_aranges
                0x0000000000001610       0x28 startup/startup_stm32f205xx.o

.debug_ranges   0x0000000000000000     0x1460
 .debug_ranges  0x0000000000000000       0x68 Drivers/Delay_DWT/Src/delay_dwt.o
 .debug_ranges  0x0000000000000068       0xe0 Drivers/STM32F2xx_HAL_Driver/Src/stm32f2xx_hal.o
 .debug_ranges  0x0000000000000148       0xd8 Drivers/STM32F2xx_HAL_Driver/Src/stm32f2xx_hal_adc.o
 .debug_ranges  0x0000000000000220      0x108 Drivers/STM32F2xx_HAL_Driver/Src/stm32f2xx_hal_cortex.o
 .debug_ranges  0x0000000000000328       0x48 Drivers/STM32F2xx_HAL_Driver/Src/stm32f2xx_hal_gpio.o
 .debug_ranges  0x0000000000000370       0x78 Drivers/STM32F2xx_HAL_Driver/Src/stm32f2xx_hal_rcc.o
 .debug_ranges  0x00000000000003e8       0x78 Drivers/STM32F2xx_HAL_Driver/Src/stm32f2xx_hal_rng.o
 .debug_ranges  0x0000000000000460      0x1c0 Drivers/STM32F2xx_HAL_Driver/Src/stm32f2xx_hal_spi.o
 .debug_ranges  0x0000000000000620      0x398 Drivers/STM32F2xx_HAL_Driver/Src/stm32f2xx_hal_tim.o
 .debug_ranges  0x00000000000009b8      0x140 Drivers/STM32F2xx_HAL_Driver/Src/stm32f2xx_hal_tim_ex.o
 .debug_ranges  0x0000000000000af8       0xa8 Drivers/enc28j60/Src/enc28j60.o
 .debug_ranges  0x0000000000000ba0       0x90 Drivers/enc28j60/Src/lan.o
 .debug_ranges  0x0000000000000c30      0x170 Drivers/si4463/Src/si4463.o
 .debug_ranges  0x0000000000000da0      0x1c8 Middlewares/Third_Party/FreeRTOS/Source/CMSIS_RTOS/cmsis_os.o
 .debug_ranges  0x0000000000000f68       0x30 Middlewares/Third_Party/FreeRTOS/Source/list.o
 .debug_ranges  0x0000000000000f98      0x198 Middlewares/Third_Party/FreeRTOS/Source/tasks.o
 .debug_ranges  0x0000000000001130       0x68 Middlewares/Third_Party/FreeRTOS/Source/portable/GCC/ARM_CM3/port.o
 .debug_ranges  0x0000000000001198       0x40 Middlewares/Third_Party/FreeRTOS/Source/portable/MemMang/heap_4.o
 .debug_ranges  0x00000000000011d8       0x28 Src/adc.o
 .debug_ranges  0x0000000000001200       0x30 Src/freertos.o
 .debug_ranges  0x0000000000001230       0x10 Src/gpio.o
 .debug_ranges  0x0000000000001240       0x88 Src/main.o
 .debug_ranges  0x00000000000012c8       0x20 Src/rng.o
 .debug_ranges  0x00000000000012e8       0x28 Src/spi.o
 .debug_ranges  0x0000000000001310       0x10 Src/stm32f2xx_hal_msp.o
 .debug_ranges  0x0000000000001320       0x20 Src/stm32f2xx_hal_timebase_tim.o
 .debug_ranges  0x0000000000001340       0x48 Src/stm32f2xx_it.o
 .debug_ranges  0x0000000000001388       0xa0 Src/syscalls.o
 .debug_ranges  0x0000000000001428       0x18 Src/system_stm32f2xx.o
 .debug_ranges  0x0000000000001440       0x20 startup/startup_stm32f205xx.o

.debug_macro    0x0000000000000000    0x23581
 .debug_macro   0x0000000000000000      0x1f9 Drivers/Delay_DWT/Src/delay_dwt.o
 .debug_macro   0x00000000000001f9      0xa54 Drivers/Delay_DWT/Src/delay_dwt.o
 .debug_macro   0x0000000000000c4d      0x243 Drivers/Delay_DWT/Src/delay_dwt.o
 .debug_macro   0x0000000000000e90       0x2e Drivers/Delay_DWT/Src/delay_dwt.o
 .debug_macro   0x0000000000000ebe       0x22 Drivers/Delay_DWT/Src/delay_dwt.o
 .debug_macro   0x0000000000000ee0       0x22 Drivers/Delay_DWT/Src/delay_dwt.o
 .debug_macro   0x0000000000000f02       0x8e Drivers/Delay_DWT/Src/delay_dwt.o
 .debug_macro   0x0000000000000f90       0x51 Drivers/Delay_DWT/Src/delay_dwt.o
 .debug_macro   0x0000000000000fe1       0xef Drivers/Delay_DWT/Src/delay_dwt.o
 .debug_macro   0x00000000000010d0       0x6a Drivers/Delay_DWT/Src/delay_dwt.o
 .debug_macro   0x000000000000113a      0x1df Drivers/Delay_DWT/Src/delay_dwt.o
 .debug_macro   0x0000000000001319       0x1c Drivers/Delay_DWT/Src/delay_dwt.o
 .debug_macro   0x0000000000001335       0x22 Drivers/Delay_DWT/Src/delay_dwt.o
 .debug_macro   0x0000000000001357       0xc3 Drivers/Delay_DWT/Src/delay_dwt.o
 .debug_macro   0x000000000000141a      0xe49 Drivers/Delay_DWT/Src/delay_dwt.o
 .debug_macro   0x0000000000002263      0x11f Drivers/Delay_DWT/Src/delay_dwt.o
 .debug_macro   0x0000000000002382    0x133fd Drivers/Delay_DWT/Src/delay_dwt.o
 .debug_macro   0x000000000001577f       0x43 Drivers/Delay_DWT/Src/delay_dwt.o
 .debug_macro   0x00000000000157c2     0x3510 Drivers/Delay_DWT/Src/delay_dwt.o
 .debug_macro   0x0000000000018cd2      0x174 Drivers/Delay_DWT/Src/delay_dwt.o
 .debug_macro   0x0000000000018e46       0x53 Drivers/Delay_DWT/Src/delay_dwt.o
 .debug_macro   0x0000000000018e99     0x103b Drivers/Delay_DWT/Src/delay_dwt.o
 .debug_macro   0x0000000000019ed4       0x4a Drivers/Delay_DWT/Src/delay_dwt.o
 .debug_macro   0x0000000000019f1e      0x170 Drivers/Delay_DWT/Src/delay_dwt.o
 .debug_macro   0x000000000001a08e      0x117 Drivers/Delay_DWT/Src/delay_dwt.o
 .debug_macro   0x000000000001a1a5       0xfa Drivers/Delay_DWT/Src/delay_dwt.o
 .debug_macro   0x000000000001a29f       0x27 Drivers/Delay_DWT/Src/delay_dwt.o
 .debug_macro   0x000000000001a2c6      0x16a Drivers/Delay_DWT/Src/delay_dwt.o
 .debug_macro   0x000000000001a430      0x287 Drivers/Delay_DWT/Src/delay_dwt.o
 .debug_macro   0x000000000001a6b7       0x5f Drivers/Delay_DWT/Src/delay_dwt.o
 .debug_macro   0x000000000001a716      0x236 Drivers/Delay_DWT/Src/delay_dwt.o
 .debug_macro   0x000000000001a94c      0x37c Drivers/Delay_DWT/Src/delay_dwt.o
 .debug_macro   0x000000000001acc8      0x16f Drivers/Delay_DWT/Src/delay_dwt.o
 .debug_macro   0x000000000001ae37       0xf9 Drivers/Delay_DWT/Src/delay_dwt.o
 .debug_macro   0x000000000001af30      0x126 Drivers/Delay_DWT/Src/delay_dwt.o
 .debug_macro   0x000000000001b056      0x216 Drivers/Delay_DWT/Src/delay_dwt.o
 .debug_macro   0x000000000001b26c       0x2e Drivers/Delay_DWT/Src/delay_dwt.o
 .debug_macro   0x000000000001b29a      0x113 Drivers/Delay_DWT/Src/delay_dwt.o
 .debug_macro   0x000000000001b3ad       0x22 Drivers/Delay_DWT/Src/delay_dwt.o
 .debug_macro   0x000000000001b3cf       0x82 Drivers/Delay_DWT/Src/delay_dwt.o
 .debug_macro   0x000000000001b451       0xa4 Drivers/Delay_DWT/Src/delay_dwt.o
 .debug_macro   0x000000000001b4f5      0x225 Drivers/Delay_DWT/Src/delay_dwt.o
 .debug_macro   0x000000000001b71a      0x88b Drivers/Delay_DWT/Src/delay_dwt.o
 .debug_macro   0x000000000001bfa5       0x4c Drivers/Delay_DWT/Src/delay_dwt.o
 .debug_macro   0x000000000001bff1      0x12d Drivers/Delay_DWT/Src/delay_dwt.o
 .debug_macro   0x000000000001c11e       0x16 Drivers/Delay_DWT/Src/delay_dwt.o
 .debug_macro   0x000000000001c134      0x238 Drivers/STM32F2xx_HAL_Driver/Src/stm32f2xx_hal.o
 .debug_macro   0x000000000001c36c      0x1eb Drivers/STM32F2xx_HAL_Driver/Src/stm32f2xx_hal_adc.o
 .debug_macro   0x000000000001c557      0x1ea Drivers/STM32F2xx_HAL_Driver/Src/stm32f2xx_hal_cortex.o
 .debug_macro   0x000000000001c741      0x222 Drivers/STM32F2xx_HAL_Driver/Src/stm32f2xx_hal_gpio.o
 .debug_macro   0x000000000001c963      0x214 Drivers/STM32F2xx_HAL_Driver/Src/stm32f2xx_hal_rcc.o
 .debug_macro   0x000000000001cb77      0x1f0 Drivers/STM32F2xx_HAL_Driver/Src/stm32f2xx_hal_rng.o
 .debug_macro   0x000000000001cd67      0x1f2 Drivers/STM32F2xx_HAL_Driver/Src/stm32f2xx_hal_spi.o
 .debug_macro   0x000000000001cf59      0x1eb Drivers/STM32F2xx_HAL_Driver/Src/stm32f2xx_hal_tim.o
 .debug_macro   0x000000000001d144      0x1ea Drivers/STM32F2xx_HAL_Driver/Src/stm32f2xx_hal_tim_ex.o
 .debug_macro   0x000000000001d32e      0x235 Drivers/enc28j60/Src/enc28j60.o
 .debug_macro   0x000000000001d563       0x82 Drivers/enc28j60/Src/enc28j60.o
 .debug_macro   0x000000000001d5e5      0x6ef Drivers/enc28j60/Src/enc28j60.o
 .debug_macro   0x000000000001dcd4       0x1c Drivers/enc28j60/Src/enc28j60.o
 .debug_macro   0x000000000001dcf0      0x2d3 Drivers/enc28j60/Src/lan.o
 .debug_macro   0x000000000001dfc3       0x58 Drivers/enc28j60/Src/lan.o
 .debug_macro   0x000000000001e01b       0x18 Drivers/enc28j60/Src/lan.o
 .debug_macro   0x000000000001e033       0x94 Drivers/enc28j60/Src/lan.o
 .debug_macro   0x000000000001e0c7       0x35 Drivers/enc28j60/Src/lan.o
 .debug_macro   0x000000000001e0fc       0x34 Drivers/enc28j60/Src/lan.o
 .debug_macro   0x000000000001e130       0x57 Drivers/enc28j60/Src/lan.o
 .debug_macro   0x000000000001e187       0x58 Drivers/enc28j60/Src/lan.o
 .debug_macro   0x000000000001e1df       0x1f Drivers/enc28j60/Src/lan.o
 .debug_macro   0x000000000001e1fe       0x43 Drivers/enc28j60/Src/lan.o
 .debug_macro   0x000000000001e241       0x20 Drivers/enc28j60/Src/lan.o
 .debug_macro   0x000000000001e261      0x18e Drivers/enc28j60/Src/lan.o
 .debug_macro   0x000000000001e3ef      0x330 Drivers/enc28j60/Src/lan.o
 .debug_macro   0x000000000001e71f       0x10 Drivers/enc28j60/Src/lan.o
 .debug_macro   0x000000000001e72f       0x35 Drivers/enc28j60/Src/lan.o
 .debug_macro   0x000000000001e764       0xbd Drivers/enc28j60/Src/lan.o
 .debug_macro   0x000000000001e821       0x4d Drivers/enc28j60/Src/lan.o
 .debug_macro   0x000000000001e86e       0xac Drivers/enc28j60/Src/lan.o
 .debug_macro   0x000000000001e91a      0x2d6 Drivers/si4463/Src/si4463.o
 .debug_macro   0x000000000001ebf0       0x22 Drivers/si4463/Src/si4463.o
 .debug_macro   0x000000000001ec12       0x5e Drivers/si4463/Src/si4463.o
 .debug_macro   0x000000000001ec70      0x140 Drivers/si4463/Src/si4463.o
 .debug_macro   0x000000000001edb0      0x18a Drivers/si4463/Src/si4463.o
 .debug_macro   0x000000000001ef3a      0x1ec Middlewares/Third_Party/FreeRTOS/Source/CMSIS_RTOS/cmsis_os.o
 .debug_macro   0x000000000001f126       0xd6 Middlewares/Third_Party/FreeRTOS/Source/CMSIS_RTOS/cmsis_os.o
 .debug_macro   0x000000000001f1fc      0x15a Middlewares/Third_Party/FreeRTOS/Source/CMSIS_RTOS/cmsis_os.o
 .debug_macro   0x000000000001f356       0xd7 Middlewares/Third_Party/FreeRTOS/Source/CMSIS_RTOS/cmsis_os.o
 .debug_macro   0x000000000001f42d       0x10 Middlewares/Third_Party/FreeRTOS/Source/CMSIS_RTOS/cmsis_os.o
 .debug_macro   0x000000000001f43d       0x1f Middlewares/Third_Party/FreeRTOS/Source/CMSIS_RTOS/cmsis_os.o
 .debug_macro   0x000000000001f45c      0x4b7 Middlewares/Third_Party/FreeRTOS/Source/CMSIS_RTOS/cmsis_os.o
 .debug_macro   0x000000000001f913       0xb5 Middlewares/Third_Party/FreeRTOS/Source/CMSIS_RTOS/cmsis_os.o
 .debug_macro   0x000000000001f9c8       0x8c Middlewares/Third_Party/FreeRTOS/Source/CMSIS_RTOS/cmsis_os.o
 .debug_macro   0x000000000001fa54       0x91 Middlewares/Third_Party/FreeRTOS/Source/CMSIS_RTOS/cmsis_os.o
 .debug_macro   0x000000000001fae5       0x8d Middlewares/Third_Party/FreeRTOS/Source/CMSIS_RTOS/cmsis_os.o
 .debug_macro   0x000000000001fb72       0x7e Middlewares/Third_Party/FreeRTOS/Source/CMSIS_RTOS/cmsis_os.o
 .debug_macro   0x000000000001fbf0       0x19 Middlewares/Third_Party/FreeRTOS/Source/CMSIS_RTOS/cmsis_os.o
 .debug_macro   0x000000000001fc09       0xf2 Middlewares/Third_Party/FreeRTOS/Source/CMSIS_RTOS/cmsis_os.o
 .debug_macro   0x000000000001fcfb       0xab Middlewares/Third_Party/FreeRTOS/Source/CMSIS_RTOS/cmsis_os.o
 .debug_macro   0x000000000001fda6      0x17a Middlewares/Third_Party/FreeRTOS/Source/list.o
 .debug_macro   0x000000000001ff20      0x26e Middlewares/Third_Party/FreeRTOS/Source/tasks.o
 .debug_macro   0x000000000002018e       0x10 Middlewares/Third_Party/FreeRTOS/Source/tasks.o
 .debug_macro   0x000000000002019e      0x172 Middlewares/Third_Party/FreeRTOS/Source/portable/GCC/ARM_CM3/port.o
 .debug_macro   0x0000000000020310      0x1a1 Middlewares/Third_Party/FreeRTOS/Source/portable/MemMang/heap_4.o
 .debug_macro   0x00000000000204b1      0x203 Src/adc.o
 .debug_macro   0x00000000000206b4      0x47d Src/freertos.o
 .debug_macro   0x0000000000020b31      0x32a Src/freertos.o
 .debug_macro   0x0000000000020e5b       0x1c Src/freertos.o
 .debug_macro   0x0000000000020e77       0x10 Src/freertos.o
 .debug_macro   0x0000000000020e87       0x10 Src/freertos.o
 .debug_macro   0x0000000000020e97       0x1c Src/freertos.o
 .debug_macro   0x0000000000020eb3       0x52 Src/freertos.o
 .debug_macro   0x0000000000020f05       0x40 Src/freertos.o
 .debug_macro   0x0000000000020f45       0x10 Src/freertos.o
 .debug_macro   0x0000000000020f55       0x40 Src/freertos.o
 .debug_macro   0x0000000000020f95       0xd7 Src/freertos.o
 .debug_macro   0x000000000002106c       0x1c Src/freertos.o
 .debug_macro   0x0000000000021088       0x3d Src/freertos.o
 .debug_macro   0x00000000000210c5       0x16 Src/freertos.o
 .debug_macro   0x00000000000210db      0x16f Src/freertos.o
 .debug_macro   0x000000000002124a      0x6f5 Src/freertos.o
 .debug_macro   0x000000000002193f      0x203 Src/gpio.o
 .debug_macro   0x0000000000021b42      0x4d3 Src/main.o
 .debug_macro   0x0000000000022015       0xd6 Src/main.o